Wo, Wo, Ww, Wo, Ww, Wo, Ww, Wo, Ww, Gg, Gg, Gg, Gll^Fp, Gg, Gll^Fp, Gg, Gll^Fp, Gg, Gg, Rb, Rb, Gg
Wo, Ww, Gg, Ww, Ds, Ww, Ww, Ww, Ww, Wo, Wo, Ww, Ds, Gs^Vh, Gll^Fp, Gll^Fp, Gg, Rb, Ce, Rb, Gll^Fp, Gg
Gll^Fp, Rp, Gg, Ds, Gg, Ds, Gg, Ds, Ds, Ww, Wo, Ww, Wo, Gg, Gg, Gll^Fp, Gg, Ce, 2 Ke, Gg, Gll^Fp, Gg
Gll^Fp, Gll^Fp, Gll^Fp, Gg, Gll^Fp, Gg, Gg, Ds, Gg, Ds, Ww, Wo, Wo, Wo, Ds, Gg, Gg, Ce, Ce, Ce, Gll^Fp, Gg
Gll^Fp, Gll^Fp, Gll^Fp, Gll^Fp, Gll^Fp, Gll^Fp, Gg, Gg, Gg, Gg, Ww, Ds, Ww, Ds, Ww, Ds, Ds, Gg, Gg, Gll^Fp, Gll^Fp, Gg
Gll^Fp, Gg^Fet, Gll^Fp, Gll^Fp, Gll^Fp, Gg, Gg, Gg^Gvs, Gs^Vh, Gg^Gvs, Gg, Ds, Ds, Wo, Wo, Wo, Ww, Ds, Gg, Gg, Gg, Gg
Gll^Fp, Gll^Fp, Gll^Fp, Gll^Fp, Gg, Gg, Gll^Fp, Gg, Wo, Rp, Rp, Gg^Gvs, Ds, Ww, Ww, Ww, Wo^Bw/r, Ww^Bw/r, Ds, Gg, Gs^Vh, Gll^Fp
Gll^Fp, Gll^Fp, Gll^Fp, Gll^Fp, Gg, Gg, Gg, Gg, Gg, Gg^Gvs, Gg^Gvs, Rp, Gg, Ds, Rp, Ww^Bw/r, Wo, Ww, Wo, Ww, Ds, Gg
Gll^Fp, Gll^Fp, Gll^Fp, Gll^Fp, Gg, Gg, Gll^Fp, Gg, Gg^Gvs, Gg^Gvs, Gg^Gvs, Rb, Rb, Rp, Gg, Gg, Ds, Ww, Wo, Wo, Wo, Gg
Gll^Fp, Gll^Fp, Gll^Fp, Gll^Fp, Gll^Fp, Gll^Fp, Gg, Gg, Rb, Rb, Gg^Gvs, Gg, Gg, Rp, Gg, Gg, Ds, Ww, Ww, Gg, Wo, Gg
Gll^Fp, Gll^Fp, Gll^Fp, Gll^Fp, Gll^Fp, Gg, Gg, Gg, Gg^Gvs, Gg^Gvs, Gg^Gvs, Gg, Rp, Gg, Gs, Gg, Gg, Ds, Gg, Ww, Ww, Wo
Gll^Fp, Gll^Fp, Gll^Fp, Gll^Fp, Gll^Fp, Gll^Fp, Gll^Fp, Gg, Gg, Gg, Gs^Gvs, Rp, Gg, Gs, Ce, Gg, Rb, Gg, Gg, Ds, Ww, Wo
Gll^Fp, Gll^Fp, Gll^Fp, Gll^Fp, Gll^Fp, Gll^Fp, Gll^Fp, Gg, Gll^Fp, Gg, Gg^Gvs, Gs, Gg, Ce, 3 Ke, Ce, Gg, Gg^Gvs, Gg, Ds, Ww, Wo
Gll^Fp, Gll^Fp, Gll^Fp, Gll^Fp, Gll^Fp, Gll^Fp, Gll^Fp, Gg, Gg, Gg, Gg, Gg^Gvs, Gg, Gg, Gg, Gg^Gvs, Rb, Gg^Gvs, Gg^Gvs, Gg, Ds, Wo
Gll^Fp, Gg^Fet, Gll^Fp, Gll^Fp, Gll^Fp, Gll^Fp, Gll^Fp, Gll^Fp, Gg, Gg, Gg, Gg, Gs^Vl, Gg, Gll^Fp, Gs, Gg^Gvs, Gs^Gvs, Gg^Gvs, Gg^Gvs, Gg, Wo
Gll^Fp, Gll^Fp, Gll^Fp, Gll^Fp, Gll^Fp, Gll^Fp, Gll^Fp, Gll^Fp, Gll^Fp, Gg, Gll^Fp, Gg, Gg, Gg, Gg, Gg, Gg, Gg, Gll^Fp, Gg, Gll^Fp, Gg
Gll^Fp, Gll^Fp, Gll^Fp, Gll^Fp, Gll^Fp, Gll^Fp, Gll^Fp, Gll^Fp, Gll^Fp, Gll^Fp, Gll^Fp, Gll^Fp, Gll^Fp, Gg, Gll^Fp, Gg, Gll^Fp, Gg, Gll^Fp, Gll^Fp, Gg, Gg
Gll^Fp, Gll^Fp, Gll^Fp, Gll^Fp, Gll^Fp, Gll^Fp, Gll^Fp, Gll^Fp, Gll^Fp, Gll^Fp, Gll^Fp, Gll^Fp, Gll^Fp, Gll^Fp, Gll^Fp, Gll^Fp, Gll^Fp, Gll^Fp, Gll^Fp, Gll^Fp, Gll^Fp, Gg
Gll^Fp, Gll^Fp, Gll^Fp, Gll^Fp, Gll^Fp, Gll^Fp, Gll^Fp, Gll^Fp, Gll^Fp, Gll^Fp, Gg^Fet, Gll^Fp, Gll^Fp, Gll^Fp, Gll^Fp, Gll^Fp, Gll^Fp, Gll^Fp, Gll^Fp, Gll^Fp, Gll^Fp, Gll^Fp
Gll^Fp, Gll^Fp, Gll^Fp, Gll^Fp, Gll^Fp, Gll^Fp, Gll^Fp, Gll^Fp, Gll^Fp, Gll^Fp, Gll^Fp, Gll^Fp, Gll^Fp, Gll^Fp, Gll^Fp, Gll^Fp, Gll^Fp, Gll^Fp, Gll^Fp, Gll^Fp, Wo, Wo
Gll^Fp, Gll^Fp, Gll^Fp, Gll^Fp, Gll^Fp, Gll^Fp, Gll^Fp, Gll^Fp, Gll^Fp, Gll^Fp, Gll^Fp, Gll^Fp, Gll^Fp, Gll^Fp, Gll^Fp, Gll^Fp, Gll^Fp, Gll^Fp, Gg^Fet, Gll^Fp, Gll^Fp, Wo
Gg, Gll^Fp, Gg, Gg, Gg, Gll^Fp, Gg, Gll^Fp, Gg, Gll^Fp, Gg, Gll^Fp, Gg, Gll^Fp, Gg, Gll^Fp, Gg, Gll^Fp, Gll^Fp, Gll^Fp, Gg, Wo
