Aa^Fpa, Aa^Fpa, Aa^Fpa, Aa^Fpa, Aa^Fpa, Gll^Fp, Ms, Gll^Fp, Aa^Fpa, Gll^Fp, Aa, Gll^Fp, Aa^Fpa, Gll^Fp, Aa^Fpa, Gll^Fp, Aa^Fpa, Gll^Fp, Aa, Aa^Fpa, Aa^Fpa, Aa^Fpa, Aa^Fpa, Gll^Fp, Aa^Fpa, Gll^Fp, Ms, Gll^Fp, Ms^Xm, Gll^Fp, Ms^Xm, Gll^Fp, Ms^Xm, Gll^Fp, Ms^Xm, Gll^Fp, Ms^Xm
Aa^Fpa, Aa^Fpa, Aa^Fpa, Aa^Fpa, Aa^Fpa, Ms, Ms, Ms, Aa^Fpa, Aa^Fpa, Aa^Fpa, Aa^Fpa, Aa, Aa^Fpa, Rra, Aa^Fpa, Ai, Aa, Aa^Fpa, Ai, Ai, Aa^Fpa, Ms, Aa^Fpa, Aa^Fpa, Ms, Ms, Ms^Xm, Ms^Xm, Ms^Xm, Mv, Ms^Xm, Ms^Xm, Ms^Xm, Ms^Xm, Ms^Xm, Ms^Xm
Aa^Fpa, Aa^Fpa, Ms, Ms, Ms, Ms, Ms, Ms, Ms, Aa^Fpa, Aa, Aa^Fpa, Aa, Aa^Fpa, Aa^Fpa, Aa^Fpa, Ai, Ai, Ai, Ai, Ms, Ms, Ms, Ms, Aa^Fpa, Ms, Ms, Ms^Xm, Ms^Xm, Ms, Ms, Ms, Ms^Xm, Ms^Xm, Ms^Xm, Ms^Xm, Ms^Xm
Aa^Fpa, Ms, Aa^Fpa, Ms, Aa^Fpa, Ms, Ms, Ms, Ai, Aa^Fpa, Aa^Fpa, Aa^Fpa, Aa^Fpa, Rra^Cov, Rra^Kov, Aa^Fpa, Aa^Fpa, Aa, Aa, Ai, Ms, Ms, Ms, Ms, Aa^Fpa, Aa^Fpa, Ms, Aa^Fpa, Ms^Xm, Rr^Vd, Aa^Fpa, Qxe, Ms, Ms^Xm, Ms^Xm, Ms^Xm, Ms^Xm
Aa^Fpa, Ms, Aa^Fpa, Ms, Qxe, Qxe, Ms, Ms, Ms, Aa^Fpa, Aa, Aa^Fpa, Aa, Rra^Cov, Aa^Cov, Rra^Cov, Aa, Aa, Ms, Ms, Aa^Fpa, Aa^Fpa, Aa^Fpa, Aa^Fpa, Ms, Ms, Ms, Ms^Xm, Aa^Fpa, Aa^Fpa, Qxe, Qxe, Aa^Fpa, Ms, Aa^Fpa, Ms^Xm, Ms^Xm
Aa^Fpa, Aa^Fpa, Aa^Fpa, Uhe, Qxe, Ms, Ms, Ms, Ms, Ms, Ai, Aa^Fpa, Aa^Fpa, Gll^Fp, Aa, Rra, Aa, Ai, Ai, Ms, Aa^Fpa, Ms, Aa^Fpa, Ms, Ms, Ms, Aa^Fpa, Ms^Xm, Aa^Fpa, Uhe, Qxe, Ms, Ms^Xm, Ms, Aa^Fpa, Ms^Xm, Ms^Xm
Aa^Fpa, Aa^Fpa, Uhe, Uhe, Ms^Xm, Ms, Ms^Xm, Uu^Vud, Ms, Ai, Aa^Fpa, Aa^Fpa, Aa^Fpa, Aa, Rra, Rra, Aa^Vha, Aa, Aa, Aa, Ai, Ai, Aa^Fpa, Aa^Fpa, Ms, Ms, Ms^Xm, Aa^Fpa, Mv, Uhe, Aa^Fpa, Qxe, Ms^Xm, Ms, Ms, Ms^Xm, Ms^Xm
Aa^Fpa, Aa^Fpa, Qxe, Qxe, Ms, Ms^Xm, Ms^Xm, Ms^Xm, Ms, Aa^Fpa, Aa^Fpa, Aa^Fpa, Aa^Fpa, Gll^Fp, Rra, Gll^Fp, Gll^Fp, Aa, Ai, Ai, Ai, Aa^Fpa, Ms, Aa^Fpa, Aa^Fpa, Ms, Ms^Xm, Ms^Xm, Ms, Ms, Ms, Ms^Xm, Ms^Xm, Aa^Fpa, Ms, Ms^Xm, Ms^Xm
Ms, Ms, Ms, Ms, Ms, Ms^Xm, Ms, Ms^Xm, Ms, Aa^Fpa, Ms, Aa^Fpa, Aa^Fpa, Rra, Rra, Gll^Fp, Gll^Fp, Aa, Aa, Ai, Gll^Fp, Ms, Ms, Ms, Ms, Ms^Xm, Ww^Vd, Ms, Ms^Xm, Ms^Xm, Ms, Ms, Aa, Ms^Xm, Aa^Fpa, Aa^Fpa, Ms^Xm
Ms, Ms, Ms, Ms, Ms, Ms, Ms, Ms, Ms, Ms, Ms, Aa, Aa^Fpa, Rra, Rr, Rr, Rr, Gll^Fp, Aa, Gll^Fp, Aa, Ms, Ms, Ms, Ms, Ms, Ms, Ms^Xm, Ms^Xm, Ms^Xm, Ms, Ms, Ai, Aa^Fpa, Aa, Aa^Fpa, Aa
Gll^Fp, Ms, Ms, Ms, Ms, Ms, Ms, Ms, Ms, Ms, Ms, Ms, Aa^Fpa, Gll^Fp, Rr, Rra, Rr, Rr, Gll^Fp, Gll^Fp, Gll^Fp, Aa, Aa, Ms, Ms, Ms, Aa^Fpa, Ms, Ms, Ms, Ai, Wo, Wo, Ai, Ai, Aa, Gll^Fp
Gll^Fp, Ms, Ms, Ms, Ms, Ms, Ms, Ms, Ms, Ms, Ms, Ms, Aa, Aa^Fpa, Gll^Fp, Rr, Rr, Gll^Fp, Gll^Fp, Gll^Fp, Gll^Fp, Gll^Fp, Ha, Ha, Ms, Ms, Aa^Fpa, Ai, Ai, Ai, Wo, Ai, Wo, Ai, Wo, Ai, Gll^Fp
Aa^Fpa, Aa^Fpa, Aa^Fpa, Aa^Fpa, Mm, Mm, Mm, Ms, Mm, Mm, Ms, Aa^Fpa, Gll^Fp, Gll^Fp, Gll^Fp, Gll^Fp, Rr, Gll^Fp, Gll^Fp, Gll^Fp, Gll^Fp, Gll^Fp, Ha, Ha, Ha, Aa^Fpa, Aa^Fpa, Aa^Fpa, Ai, Ai, Wo, Ai, Wo, Ai, Ai, Wo, Gll^Fp
Mm, Gll^Fp, Cfr^Fp, Aa^Fpa, Gll^Fp, Mm, Mm, Mm, Mm, Ms, Ms, Aa^Fpa, Gll^Fp, Gll^Fp, Gll^Fp, Rr, Gll^Fp, Gll^Fp, Gll^Fp, Gll^Fp, Gll^Fp, Ha, Gd^Vo, Ha, Ha, Ai, Ai, Aa^Fpa, Ai, Wo, Ai, Wo, Ai, Ai, Wo, Gll^Fp, Gll^Fp
Mm, Gll^Fp, Gll^Fp, Gll^Fp, Gll^Fp, Gll^Fp, Mm, Mm, Mm, Mm, Mm, Gll^Fp, Gll^Fp, Gll^Fp, Gll^Fp, Rp, Gll^Fp, Gll^Fp, Gll^Fp, Gll^Fp, Gll^Fp, Gll^Fp, Gll^Fp, Gll^Fp, Ha, Aa, Aa, Aa, Aa, Ai, Ww, Wo, Ww, Ai, Wo, Gll^Fp, Gll^Fp
Gll^Fp, Mm, Mm, Rd, Rd, Rd, Mm, Mm, Mm, Mm, Gll^Fp, Gll^Fp, Gll^Fp, Gll^Vo, Gll^Fp, Rp, Rp, Gll^Fp, Gll^Fp, Gll^Fp, Gll^Fp, Gll^Fp, Ss, Aa, Hh, Aa, Gll^Fp, Aa, Gll^Fp, Ww, Gll^Fp, Wo, Ww, Ai, Wo, Wo, Gll^Fp
Gll^Fp, Gll^Fp, Gd^Vo, Rd, Rd, Mm, Hh, Mm, Mm, Mm, Mm, Gll^Fp, Gll^Fp, Gll^Fp, Gll^Fp, Gll^Fp, Gll^Fp, Rp, Gll^Fp, Gll^Fp, Gll^Fp, Gll^Fp, Ss, Hh, Gll^Fp, Aa, Ss, Ss, Gll^Fp, Wo, Cfr^Fp, Gll^Fp, Gll^Fp, Wo, Wo, Wo, Gll^Fp
Gll^Fp, Hh, Hh, Rd, Cer, Rd, Rd, Mm, Mm, Mm, Gll^Fp, Gll^Fp, Gll^Fp, Gll^Fp, Gll^Fp, Gll^Fp, Rp, Rp, Gll^Fp, Gll^Fp, Gll^Fp, Wo, Hh, Mm, Hh, Gll^Fp, Hh, Gll^Fp, Gd^Vo, Wo, Wo, Gll^Fp, Ww, Wo, Wo, Wo, Wo
Gll^Fp, Hh, Rd, Co, 4 Ko, Cer, Rd, Mm, Mm, Mm, Gll^Fp, Gll^Fp, Gll^Fp, Gll^Fp, Gll^Fp, Gll^Fp, Rp, Rp, Gll^Fp, Gll^Fp, Gll^Fp, Hh, Hh, Hh, Gll^Fp, Hh, Gll^Fp, Gll^Fp, Gll^Fp, Gll^Fp, Ww, Ww, Gll^Fp, Ww, Ww, Wo, Gll^Fp
Gll^Fp, Rd, Rd, Rd, Rd, Co, Hh, Mm, Hh, Hh, Hh, Gll^Fp, Gll^Fp, Gll^Fp, Gll^Fp, Gll^Fp, Gll^Fp, Rp, Gll^Fp, Gll^Fp, Rd, Ss, Ss, Hh, Ss, Mm, Gll^Fp, Gll^Fp, Ww, Ww, Ss, Gll^Fp, Gll^Fp, Gll^Fp, Wo, Wo, Wo
Gll^Fp, Gll^Fp, Mm, Gd^Vo, Mm, Rd, Rd, Mm, Hh, Hh, Hh, Hh, Gll^Fp, Gll^Fp, Gll^Fp, Gll^Fp, Gll^Fp, Rp, Gll^Fp, Gd^Vhr, Gll^Fp, Rd, Gll^Fp, Ss, Ss, Mm, Hh, Gll^Fp, Gll^Fp, Ww, Ss, Gll^Fp, Gll^Fp, Gll^Fp, Ww, Wo, Wo
Gll^Fp, Mm, Hh, Hh, Mm, Mm, Hh, Rd, Mm, Mm, Gll^Fp, Hh, Gll^Fp, Gll^Fp, Gll^Fmw, Gll^Fp, Rp, Rp, Gll^Fp, Gll^Fp, Gll^Fp, Rd, Gll^Fp, Ss, Cer^Fp, 5 Ker, Cer^Fp, Hh^Fp, Gll^Fp, Ss, Gll^Fp, Ss, Ss, Ds, Ww, Wo, Wo
Gll^Fp, Gll^Fp, Gll^Fp, Hh, Hh, Hh, Gll^Fp, Gll^Fmw, Mm, Mm, Hh, Hh, Gll^Fp, Gll^Fp, Gll^Fp, Rp, Rp, Gll^Fp, Gll^Fp, Gll^Fp, Gll^Fmw, Gll^Fp, Rd, Rd, Cer^Fp, Cer^Fp, Gll^Fp, Gll^Fp, Ss, Wo, Wo, Wo, Wo, Gll^Fp, Wo, Wo, Wo
Gll^Fp, Gll^Fp, Hh, Hh, Gll^Fp, Hh, Hh, Hh, Mm, Gll^Fmw, Hh, Hh, Hh, Gll^Fmw, Gll^Fp, Rp, Rp, Gll^Fp, Gll^Fp, Gll^Fp, Gll^Fp, Gll^Fp, Gll^Fp, Rd, Ss, Gll^Fp, Ss, Ss, Wo, Wo, Ss, Wo, Ds, Wo, Wo, Wo, Wo
Gll^Fp, Hh, Gll^Fp, Gll^Fp, Gll^Fp, Gll^Fmw, Hh, Mm, Hh, Hh, Hh, Gll^Fmw, Gll^Fp, Gll^Fp, Gll^Fp, Gll^Fp, Gll^Fp, Rp, Rp, Gll^Fp, Gll^Fp, Rd, Gll^Fp, Ss, Gll^Fp, Wo, Gll^Fp, Wo, Gll^Fp, Ss, Ss, Gll^Fp, Gll^Fp, Ds, Ds, Wo, Wo
Gll^Fp, Gll^Fp, Gll^Fp, Gll^Fp, Gll^Fp, Gll^Fp, Gll^Fp, Gd^Vo, Gll^Fp, Gll^Fmw, Gll^Fmw, Gll^Fp, Gll^Fp, Gll^Fp, Gll^Fmw, Gll^Fp, Gll^Fp, Rp, Rp, Gll^Fp, Gll^Fp, Rd, Hh, Hh, Hh, Gll^Fp, Gll^Fmw, Gll^Fp, Ss, Gll^Fp, Ss, Gll^Fp, Gll^Fp, Ds, Ds, Ds, Wo
Gll^Fp, Gll^Fp, Gll^Fp, Gll^Fp, Gll^Fp, Gll^Fp, Gll^Fp, Gll^Fp, Gll^Fp, Gll^Fp, Gll^Fp, Gll^Fp, Gll^Fp, Gll^Fp, Gll^Fp, Gll^Fp, Rp, Rp, Rp, Gll^Fp, Gll^Fp, Gll^Fp, Gll^Fp, Hh, Hh, Gll^Fp, Hh, Gll^Fp, Gll^Fp, Ss, Gll^Fp, Gll^Fp, Gll^Fp, Gll^Fp, Ds, Wo, Wo
Gll^Fp, Gll^Fp, Gll^Fp, Gll^Fp, Rp, Rp, Gll, Gll^Fp, Rp, Gll^Fp, Rp, Gll^Fp, Gll^Fp, Rp, Rp, Rp, Rp, Rp, Gll^Fp, Gll^Fp, Hhd^Vhhr, Gll^Fmw, Hh, Hh, Gll^Fp, Hh, Gll^Fmw, Gll^Fp, Gll^Fp, Gll^Fp, Gll^Fp, Gll^Fp, Ds, Ds, Wo, Wo, Wo
Gll^Fp, Gll^Fp, Gll^Fp, Gll^Fp, Gll^Fp, Gll^Fp, Gll^Fp, Rp, Gll^Fp, Rp, Gll^Fp, Rp, Gll^Fp, Gll^Fp, Rp, Rp, Rp, Gll^Fp, Rp, Ce^Fp, Ce^Fp, Gll^Fp, Gll^Fp, Hh, Gll^Fmw, Hh, Gll^Fp, Gll^Fp, Wo, Gll^Fp, Ds, Ds, Ww^Vm, Ds, Wo, Wo, Wo
Gll^Fp, Gll^Fp, Gll^Fp, Gll^Fp, Gll^Fp, Gll^Fp, Rp, Gll^Fp, Gll^Fp, Gll^Fp, Gll^Fp, Gll^Fp, Gll^Fp, Gll^Fp, Rp, Rp, Wo, Wo, Gll^Fp, Rp, Rp, Gll^Fp, Gll^Fp, Gll^Fp, Gll^Fp, Gll^Fp, Gll^Fp, Wo, Gll^Fp, Wo, Wo, Wo, Wo, Wo, Wo, Wo, Wo
Gll^Fp, Gll^Fp, Gll^Fp, Gll^Fp, Gll^Fp, Gll^Fp, Rp, Rb, Gll^Fp, Gll^Fp, Gll^Fmw, Gll^Fp, Gll^Fp, Rp, Rp, Rp, Wo, Gll^Fp, Gll^Fp, Gll^Fp, Gll^Fp, Gll^Fp, Gll^Fp, Gll^Fp, Gll^Fp, Gll^Fmw, Gll^Fp, Gll^Fp, Gll^Fp, Gll^Fp, Ww, Wo, Wo, Wo, Wo, Wo, Wo
Gll^Fp, Rp, Rp, Rp, Rp, Rp, Rp, Gll^Fp, Gll^Fp, Gll^Fp, Gll^Fp, Gll^Fp, Rp, Rp, Rp, Gll^Fp, Gll^Fp, Gll^Fp, Gll^Fp, Gll^Fp, Gll^Fp, Gll^Fp, Gll^Fp, Gll^Fp, Gll^Fp, Wo, Gll^Fp, Gll^Fp, Gll^Fp, Ds, Ds, Ww, Ww, Wo, Wo, Wo, Gll^Fp
Gll^Fp, Gll^Fp, Gll^Fp, Gll^Fp, Gll^Fp, Ce, Ce, Rp, Ce, Gll^Fp, Gll^Fp, Gll^Fp, Rp, Rp, Gll^Fp, Gll^Fp, Gll^Fp, Gll^Fp, Gll^Fmw, Gll^Fp, Gll^Fp, Gll^Fp, Gg^Ve, Gll^Fp, Gll^Fmw, Gll^Fp, Gll^Fp, Gll^Fp, Gll^Fp, Gll^Fp, Gll^Fp, Ds, Ww, Wo, Wo, Wo, Gll^Fp
Gll^Fp, Gll^Fp, Gll^Fp, Gll^Fp, Gll^Fp, Gll^Fp, Gll^Fp, Rp, Rb, Rp^Vhcr, Ce, Rp, Gll^Fp, Gll^Fp, Gll^Fp, Gll^Fp, Gll^Fp, Gll^Fp, Hh, Gll^Fp, Hh, Gll^Fp, Gll^Fp, Gll^Fp, Gll^Fp, Gll^Fp, Gll^Fp, Gll^Fp, Ss, Ss, Ds, Ds, Wwf, Wo, Wo, Wo, Wo
Gll^Fp, Gll^Fp, Gll^Fp, Gll^Fp, Gll^Fp, Gll^Fp, Ce, Gll^Fp, Gll^Fp, Rp, Rp, Rp, Gll^Fp, Gll^Fp, Gll^Fp, Gll^Fp, Gll^Fp, Gll^Fp, Gll^Fp, Hh, Gll^Fp, Hh, Gll^Fp, Ss, Ss, Gll^Fp, Ss, Ss, Ss, Ss, Ww, Ww, Wo, Wwf, Wo, Wo, Gll^Fp
Gll^Fp, Gll^Fp, Gll^Fp, Gll^Fp, Ce, Ce, Ke, Rb, Gll^Fp, Gll^Fp, Rp, Rp, Gll^Fp, Gll^Fp, Gll^Fp, Gll^Fp, Gll^Fp, Gll^Fp, Gll^Fp, Gll^Fp, Gll^Fp, Gll^Fp, Gll^Fp, Ss, Ss, Ss, Gll^Fp, Gll^Fp, Ss, Ds, Ww, Wo, Wo, Wwf, Ds, Gll^Fp, Gll^Fp
Gll^Fp, Gll^Fp, Gll^Fp, Gll^Fp, Hh, Ce, Gll^Fp, Gll^Fp, Rp, Gll^Fp, Rp, Rp, Rp, Gll^Fp, Gll^Fp, Gll^Fp, Gll^Fp, Gll^Fp, Gll^Fp, Gll^Fp, Gll^Fp, Gll^Fp, Ss, Ss, Gll^Fp, Gll^Fp, Ds, Gll^Fp, Gll^Fp, Wo, Wo, Wo, Wo, Wo, Ds, Gll^Fp, Gll^Fp
Gll^Fp, Gll^Fp, Gll^Fp, Hh, Hh, Gll^Fp, Gll^Fp, Gll^Fp, Rp, Rp, Rp, Rp, Rp, Rp, Gll^Fp, Gll^Fp, Gll^Fp, Gll^Fp, Gll^Fp, Gll^Fp, Gll^Fp, Gll^Fp, Gll^Fp, Ss, Ds, Ds, Wo, Ds, Wo, Wo, Wo, Wo, Ww^Vm, Ds, Gg, Gg, Gll^Fp
Gll^Fp, Gll^Fp, Gll^Fp, Gll^Fp, Hh, Gll^Fp, Rp^Vhcr, Gll^Fp, Rp, Rp, Gll^Fp, Gll^Fp, Gll^Fp, Gll^Fp, Gll^Fp, Gll^Fp, Gll^Fp, Ww, Ww, Rp^Vhcr, Gll^Fp, Gll^Fp, Ds, Ds, Ds, Ds, Wo, Wo, Wo, Wo, Wo, Wo, Ds, Ds, Gg, Xoc, Gll^Fp
Gll^Fp, Gll^Fp, Gll^Fp, Gll^Fp, Gll^Fp, Gll^Fp, Gll^Fp, Gll^Fp, Rp, Rp, Gll^Fp, Gll^Fp, Gll^Fp, Hh, Ss, Ss, Ss, Ss, Ss, Wo, Wo, Gll^Fp, Wo, Wo, Wo, Wo, Wo, Wo, Gll^Fp, Wo, Wo, Wo, Gll^Fp, Gll^Fp, Xof, Xof, Gll^Ii
Gll^Fp, Gll^Fp, Gll^Fp, Gll^Fp, Gll^Fp, Gll^Fp, Gll^Fp, Gll^Fp, Gll^Fp, Rp, Rp, Gll^Fp, Gll^Fp, Gll^Fp, Gll^Fp, Ss, Ds, Ds, Wo, Wo, Wo, Wo, Wo, Wo, Wo, Wo, Gll^Fp, Gll^Fp, Gll^Fp, Gll^Fp, Wo, Wo, Wwf, Gll^Fp, Gll^Fp, Gll^Ii, Gll^Ii
Gll^Fp, Gll^Fp, Gll^Fp, Gll^Fdf, Gll^Fp, Gll^Fp, Gll^Fp, Gll^Fp, Rp, Rb, Gll^Fp, Rp, Rp, Rb, Rb, Gll^Fp, Ss, Ww, Wo, Wo, Wo, Wo, Gg, Ds, Gg, Gll^Fp, Gg, Gll^Fp, Gll^Fp, Gll^Fp, Wo, Wo, Gll^Fp, Wo, Gg, Gll^Ii, Gll^Ii
Gll^Fp, Gll^Fp, Gll^Fp, Gll^Fdf, Gll^Fdf, Gll^Fp, Gll^Fp, Gll^Fp, Rp, Rp, Gll^Fp, Rb, Gll^Fp, Rb, Gll^Fp, Rb, Rb, Ww, Wo, Wo, Ds, Ds, Gg, Gg, Wo, Gg, Gg, Gg, Gll^Fp, Gll^Fp, Gll^Fp, Gll^Fp, Gll^Fp, Wo, Gll^Fp, Xoc, Gll^Fp
Gll^Fp, Gll^Fp, Gll^Fdf, Gll^Fp, Gll^Fp, Gll^Fdf, Gll^Fp, Rp, Rp, Rb, Gll^Fp, Gll^Fp, Ss, Ss, Ss, Gll^Fp, Rb, Ds, Wo^Bw\r, Wo, Wo, Ss, Ss, Ss, Ss, Ss, Ss, Wo, Gll^Fp, Wo, Wo, Wo, Gll^Fp, Wo, Wwf, Gg, Gg
Gll^Fp, Gll^Fp, Gll^Fmf, Gll^Fp, Gll^Fp, Gll^Fp, Gll^Fmw, Rp, Rp, Gll^Fp, Gll^Fp, Rr^Vhc, Gll^Fmf, Ss, Gll^Fp, Ss, Ss, Wo^Bw\r, Wo^Bw\r, Wo^Bw\r, Ds^Bw\r, Ds, Rp^Vhcr, Ss, Ch, Ch, Ss, Gll^Fp, Gll^Fp, Wo, Wo, Wo, Wo, Gll^Fp, Wo, Wo, Gg
Gll^Fp, Gll^Fp, Gll^Fmf, Gll^Fmf, Gll^Fmw, Gll^Fmf, Gll^Fmw, Gll^Fmf, Rp, Gll^Fp, Gll^Fp, Gll^Fdf, Gll^Fmf, Gll^Fmf, Gll^Fp, Ss, Ww, Wo, Wo, Wo^Bw\r, Ds, Gll^Fp, Ss, Gg, Ch, 7 Kh, Ss, Wo, Gll^Fp, Gll^Fp, Wwf, Wo, Gll^Fp, Gll^Fp, Wo, Wo, Gg
Gll^Fp, Gll^Fmf, Gll^Fdf, Gll^Fmw, Gll^Fdf, Gll^Fdf, Rp, Rp, Gll^Fdf, Gll^Fp, Gll^Fp, Gll^Fp, Gll^Fmf, Gll^Fmf, Gll^Fmf, Ss, Wo, Wo, Wo, Ww, Ds, Ss, Ss, Ss, Gll^Fp, Ss, Ss, Ds, Gll^Fp, Wo, Wo, Wwf, Wo, Ww^Vm, Wo, Wo, Wo
Gll^Fp, Gll^Fp, Gll^Fmf, Gll^Ve, Gll^Fmf, Gll^Fp, Gll^Fmf, Rp, Gll^Fp, Gll^Fp, Gll^Fdf, Gll^Fmf, Gll^Fp, Gll^Fmf, Ss, Ww, Wo, Wo, Wo, Ww, Gll^Fp, Gg, Wo, Gg, Gg, Ss, Ss, Ss, Wo, Wo, Wo, Gll^Fp, Wo, Wo, Wo, Wo, Wo
Gll^Fp, Gll^Fp, Gll^Fp, Gll^Fp, Gll^Fp, Gll^Fmf, Gll^Fmf, Rp, Rp, Gll^Fp, Gll^Fp, Gll^Fp, Gll^Fp, Gll^Fp, Ww, Ww, Wo, Wo, Wo, Ww, Ww^Vm, Gll^Fp, Gg, Wo, Gll^Fp, Gll^Fp, Ds, Wo, Wo, Wo, Wo, Wo, Wo, Wo, Wo, Wo, Wo
Gll^Fp, Gll^Fp, Gll^Fp, Gll^Fp, Gll^Fp, Gll^Fp, Gll^Fp, Gll^Fp, Gll^Fp, Rp, Rp, Rp, Gll^Fp, Gll^Fp, Gll^Fp, Wo, Wo, Wo, Wo, Wo, Wo, Gll^Fp, Gll^Fp, Gll^Fp, Gll^Fp, Gll^Fp, Gll^Fp, Wo, Wo, Wo, Wo, Wo, Wo, Wo, Wo, Wo, Wo
