Gg, Gg, Gg, Gg, Gg, Gg, Gll^Fmf, Rb, Gll^Fmf, Rb, Gll^Fmf, Gg, Gll^Fmf, Gg, Chr^Qov, Gg, Gg, Gg, Chr^Qov, Gg, Chr^Qov, Gg, Rrc, Gg, Rrc, Gll^Fmf, Gg, Rrc, Chr, Gll^Fmf, Gg, Gll^Fp, Gg, Gll^Fp, Chr^Qov, Gll^Fp, Gg, Wo, Wo, Wo, Wo, Wwt, Wo, Wwt, Wo, Gg, Gg, Gg, Gg, Gg, Gll^Fmf, Gg, Gll^Fmf, Gg, Gll^Fmf
Gg, Gg, 1 Ke, Rb, Gg, Gll^Fmf, Gg, Gll^Fmf, Gll^Fmf, Gll^Fmf, Gll^Fmf, Gll^Fmf, Chr, Chr^Qov, Gll^Fmf, Gll^Fmf, Gll^Fmf, Chr^Qov, Rrc, Rrc, Isa^Xr, Rrc, Isa^Xr, Rrc, Gll^Fmf, Chr, Chr, Chr, Rb, Chr, Rp^Vhcr, Chr, Chr, Chr^Qov, Gll^Fp, Chr^Qov, Ds, Wwt, Wo, Wo, Wo, Wo, Wo, Wo, Chr^Qov, Wo, Chr^Qov, Gg, Chr^Qov, Gll^Fmf, Gll^Fmf, Gll^Fmf, Gll^Fmf, Gll^Fmf, Gll^Fmf
Gg, Rb, Ce, Ce, Rb, Gg, Gll^Fmf, Gll^Fmf, Chr^Qov, Chr^Qov, Gll^Fmf, Gll^Fmf, Chr^Qov, Chr^Qov, Rrc, Gll^Fmf, Chr^Qov, Chr^Qov, Rp^Vhcr, Rrc, Gll^Fmf, Isa^Xr, Gll^Fmf, Chr^Qov, Chr^Qov, Chr, Gll^Fmf, Gll^Fmf, Gll^Fmf, Rrc, Rp^Vhcr, Gll^Fmf, Rrc, Rp^Vhcr, Chr^Qov, Chr^Qov, Wwt, Wwt, Wo, Wo, Wo, Wo, Wo, Wo, Chr^Qov, Gll^Fmf, Gg, Chr^Qov, Gg, Chr^Qov, Chr^Qov, Gll^Fmf, Gll^Fmf, Gll^Fmf, Gg
Gg, Ce, Gg, Ce, Gg, Rb, Rb, Gll^Fmf, Chr^Qov, Gll^Fmf, Isa, Gll^Fmf, Chr^Qov, Chr, Isa^Xr, Gll^Fmf, Chr^Qov, Gll^Fmf, Rp^Vhcr, Chr^Qov, Chr^Qov, Chr^Qov, Chr^Qov, Rrc^Qov, Rrc, Rrc, Chr, Gll^Fmf, Gll^Fmf, Rrc, Gll^Fmf, Wwt, Chr^Qov, Chr^Qov, Wwt, Wwt, Wwt, Wo, Wo, Wo, Gg, Gll^Fp, Chr, Wo, Chr^Qov, Gll^Fmf, Rp^Vhcr, Rp^Vhcr, Rp^Vhcr, Chr^Qov, Gg, Chr^Qov, Chr^Qov, Gll^Fmf, Gg
Gg, Gg, Gg, Gg, Gg, Gg, Rb, Rb, Isa, Isa, Gg, Chr^Qov, Isa^Xr, Isa^Xr, Isa^Xr, Chr^Qov, Gll^Fmf, Chr^Qov, Chr^Qov, Isa^Xr, Rrc, Chr, Chr, Chr^Qov, Rp^Vhcr, Rp^Vhcr, Gd^Fetd, Chr, Chr^Qov, Chr^Qov, Chr^Qov, Wo, Wo, Wwt, Wwt, Wo, Wo, Wo, Rb, Gg, Wo, Chr^Qov, Gll^Fp, Chr^Qov, Gll^Fmf, Gll^Fmf, Rp^Vhcr, Rp^Vhcr, Chr^Qov, Gg, Gg, Gg, Chr^Qov, Gll^Fmf, Gg
Gg, Gll^Fmf, Gll^Fmf, Gll^Fmf, Gll^Fmf, Gll^Fmf, Chr^Qov, Rb, Isa, Chr^Qov, Chr^Qov, Isa, Gll^Fmf, Isa, Isa^Qov, Isa^Xr, Chr^Qov, Chr^Qov, Rrc, Isa^Xr, Rp^Vhcr, Isa^Xr, Rp^Vhcr, Rp^Vhcr, Rrc, Chr, Isa, Isa, Chr^Qov, Chr^Qov, Rb, Wwt, Wo, Wo, Wo, Wo, Wo, Wo, Wo, Wwt, Wwt, Chr^Qov, Gll^Fp, Gll^Fmf, Gll^Fp, Gll^Fmf, Rp^Vhcr, Chr^Qov, Chr^Qov, Chr^Qov, Chr^Qov, Rp^Vhcr, Gll^Fmf, Chr, Gg
Gg, Gll^Fmf, Gll^Fmf, Gll^Fmf, Chr^Qov, Chr^Qov, Isa^Xr, Gll^Fmf, Chr^Qov, Gll^Fmf, Rp^Vhcr, Gll^Fmf, Isa^Xr, Chr^Qov, Isa^Xr, Isa^Xr, Rrc^Qov, Isa, Rp^Vhcr, Rp^Vhcr, Chr^Qov, Isa^Xr, Rp^Vhcr, Isa, Chr^Qov, Chr^Qov, Isa, Chr^Qov, Chr^Qov, Ds, Wwt, Wo, Wo, Wo, Wo, Wo, Wo, Wo^Qov, Chr^Qov, Wwt, Chr^Qov, Chr^Qov, Chr, Gll^Fmf, Rp^Vhcr, Rp^Vhcr, Chr^Qov, Gg, Chr^Qov, Isa^Xr, Chr, Gg, Gll^Fmf, Chr, Chr
Gg, Gll^Fmf, Gll^Fmf, Chr^Qov, Chr^Qov, Isa^Xr, Rrc, Rrc, Rp^Vhcr, Chr^Qov, Gll^Fmf, Gd^Fetd, Rp^Vhcr, Chr^Qov, Isa^Xr, Rp^Vhcr, Chr^Qov, Isa, Isa^Xr, Isa^Xr, Chr^Qov, Isa, Isa, Rp^Vhcr, Isa, Rrc^Qov, Chr, Isa^Qov, Wwt, Wwt, Wwt, Wo, Wo, Wo, Wo, Wwt, Wo, Gg, Chr^Qov, Chr^Qov, Isa, Rp^Vhcr, Gll^Fdf, Chr, Rp^Vhcr, Gll^Fmf, Rp^Vhcr, Chr^Qov, Isa^Xr, Isa^Xr, Gg^Qov, Rp^Vhcr, Rp^Vhcr, Chr^Qov, Gg
Gg, Gll^Fmf, Gll^Fmf, Gll^Qov, Rp^Vhcr, Gll^Fmf, Rrc, Gll^Fmf, Rp^Vhcr, Isa, Chr, Isa^Xr, Chr^Qov, Chr^Qov, Rp^Vhcr, Rp^Vhcr, Rp^Vhcr, Rp^Vhcr, Chr^Qov, Isa^Xr, Rp^Vhcr, Isa, Rp^Vhcr, Rp^Vhcr, Isa, Isa, Chr^Qov, Chr^Qov, Wwt, Wo, Wo, Wo, Wo, Wo, Wwt, Rb, Wwt, Chr^Qov, Gll^Fmf, Gll^Fmf, Gll^Fmf, Isa, Isa, Gll^Fdf, Gll^Fmf, Isa^Qov, Isa, Isa, Isa^Qov, Isa^Xr, Gg^Qov, Gg, Rp^Vhcr, Chr^Qov, Chr^Qov
Gg, Gll^Fmf, Chr^Qov, Chr^Qov, Gll^Fmf, Isa^Xr, Rrc, Rp^Vhcr, Chr, Chr, Chr^Qov, Chr^Qov, Chr^Qov, Chr, Rp^Vhcr, Chr^Qov, Gg, Rp^Vhcr, Rp^Vhcr, Wwt, Isa, Isa, Rp, Isa, Rp^Xr, Chr^Qov, Chr^Qov, Wwt, Wo, Wo, Wo, Wo, Wo, Wo, Wwt, Wwt, Chr^Qov, Chr^Qov, Chr^Qov, Chr^Qov, Chr^Qov, Chr^Qov, Chr^Qov, Chr^Qov, Isa, Isa, Rp^Vhcr, Rp^Vhcr, Rp^Qov, Rp^Qov, Isa^Xr, Rp^Vhcr, Isa, Chr^Qov, Chr
Gg, Chr^Qov, Gll^Fmf, Chr, Isa^Xr, Rrc, Isa, Isa, Isa, Rb, Chr^Qov, Rp^Vhcr, Rp^Vhcr, Isa^Qov, Chr^Qov, Chr^Qov, Gd^Fetd, Rp^Vhcr, Isa, Rp^Vhcr, Isa^Xr, Rp^Qov, Isa^Xr, Isa, Rp, Rp, Wwt, Wo, Wo, Wo, Wo, Wwt, Wo, Rb, Wwt, Chr^Qov, Chr^Qov, Chr, Chr, Isa, Isa, Isa^Xr, Chr, Chr^Qov, Isa, Rp^Vhcr, Chr^Qov, Rp^Qov, Isa, Isa^Xr, Rp, Gg, Chr^Qov, Chr^Qov, Chr^Qov
Chr, Chr^Qov, Rp^Vhcr, Isa^Xr, Isa, Chr, Chr^Qov, Chr^Qov, Chr^Qov, Rb^Qov, Chr^Qov, Rp^Vhcr, Isa, Isa, Isa, Isa, Rrc, Chr, Chr, Chr, Rp, Chr^Qov, Chr^Qov, Rp, Wwt^Bsb\, Wwt^Bsb\, Wo^Bsb\, Wo^Bsb\, Wo, Wwt, Wo, Gg, Wwt, Wwt, Ds^Qov, Isa^Xr, Isa^Xr, Gd^Fetd, Rp^Vhcr, Rp^Vhcr, Gd^Fetd, Isa^Xr, Rrc, Chr^Qov, Gll^Fmf, Rp^Vhcr, Chr^Qov, Isa, Isa, Chr^Qov, Chr^Qov, Rp^Vhcr, Chr^Qov, Rp^Vhcr, Gg
Chr, Chr^Qov, Chr^Qov, Isa, Isa^Qov, Isa^Qov, Chr^Qov, Gg, Isa, Isa^Xr, Isa^Xr, Isa^Xr, Rp^Vhcr, Rp^Vhcr, Rp^Vhcr, Rp^Vhcr, Rp^Vhcr, Chr, Chr, Rrc, Rb, Chr^Qov, Wwt, Wwt, Wo, Wo^Bsb\, Wo^Bsb\, Wo^Bsb\, Wwt^Bsb\, Wwt^Bsb\, Wwt, Wwt, Ds, Ds, Chr^Qov, Isa^Xr, Isa, Rp^Vhcr, Rp^Vhcr, Chr, Rp^Vhcr, Chr, Chr, Chr^Qov, Isa^Xr, Isa^Xr, Gg, Chr^Qov, Isa^Xr, Isa, Rp, Chr^Qov, Isa, Chr^Qov, Chr^Qov
Chr, Rrc^Qov, Isa, Isa, Isa^Qov, Gd^Fetd, Rp^Vhcr, Rp^Vhcr, Isa^Qov, Isa^Xr, Chr^Qov, Isa^Xr, Rp^Vhcr, Isa, Chr, Rp^Vhcr, Rrc, Rrc, Rrc^Qov, Chr^Qov, Rrc^Qov, Chr^Qov, Wo, Wo, Wo, Wo, Wo, Wo^Bsb\, Rp, Isa, Isa, Isa, Chr^Qov, Chr^Qov, Chr^Qov, Rp^Vhcr, Rp^Vhcr, Chr^Qov, Rp^Vhcr, Isa^Xr, Isa, Isa^Xr, Chr^Qov, Isa, Isa^Xr, Chr^Qov, Chr^Qov, Chr^Qov, Rp^Vhcr, Isa, Isa, Isa, Isa, Isa, Chr^Qov
Chr, Rrc, Isa, Isa, Rp^Vhcr, Chr^Qov, Gg^Qov, Chr^Qov, Isa, Chr^Qov, Chr^Qov, Rp^Vhcr, Rp^Vhcr, Isa, Isa, Chr^Qov, Chr^Qov, Chr^Qov, Chr^Qov, Ds, Wo, Ds, Wo, Wo, Wo, Wo, Wo, Wwt, Isa, Isa, Gg, Isa, Isa, Isa, Rrc^Qov, Isa^Xr, Isa^Xr, Chr^Qov, Isa, Isa^Xr, Rp^Vhcr, Chr^Qov, Chr^Qov, Isa, Gll^Fmf, Chr^Qov, Isa^Xr, Rp^Vhcr, Isa, Isa, Chr^Qov, Isa, Rp^Vhcr, Isa, Chr^Qov
Gg, Chr^Qov, Isa, Rp^Vhcr, Chr^Qov, Isa, Isa^Xr, Isa^Xr, Isa, Chr^Qov, Rrc, Gd^Fetd, Rp^Vhcr, Rrc, Rp^Vhcr, Ds^Qov, Wwt, Wwt, Wwt, Wo, Wo, Wwt, Wo, Wo, Wo, Wwt, Rb, Chr^Qov, Chr^Qov, Rp^Vhcr, Rrc, Chr^Qov, Rp^Vhcr, Rp^Vhcr, Isa^Qov, Isa^Qov, Isa^Xr, Rp^Vhcr, Chr^Qov, Rp^Vhcr, Chr, Chr^Qov, Isa, Isa, Isa, Isa^Xr, Isa^Xr, Isa, Rp^Vhcr, Rp^Vhcr, Chr^Qov, Chr^Qov, Chr^Qov, Chr^Qov, Gll^Fmf
Chr, Gg, Isa, Isa^Xr, Isa, Chr^Qov, Isa^Xr, Chr, Chr, Chr^Qov, Rrc, Rp^Vhcr, Rp^Vhcr, Chr, Chr, Chr^Qov, Wo, Wwt, Wo, Wo, Wo, Wo, Wo, Wo, Wwt, Wwt, Chr^Qov, Isa^Qov, Chr, Rp^Vhcr, Rrc, Rp^Vhcr, Chr^Qov, Rp^Vhcr, Isa^Xr, Rp^Vhcr, Isa^Xr, Isa, Isa, Chr^Qov, Chr^Qov, Isa, Chr^Qov, Gll^Fmf, Chr^Qov, Chr^Qov, Isa, Isa, Chr^Qov, Isa^Xr, Chr^Qov, Gll^Fmf, Gll^Fmf, Gll^Fmf, Gll^Fmf
Chr, Rp^Vhcr, Isa, Rp^Vhcr, Chr^Qov, Chr^Qov, Isa^Xr, Rp^Vhcr, Isa, Gll^Fmf, Chr^Qov, Chr^Qov, Chr^Qov, Chr^Qov, Wwt^Qov, Wo^Qov, Wo, Wo, Wo, Wo, Wo, Wo, Wo, Wo, Ds, Chr^Qov, Chr^Qov, Isa, Rp^Vhcr, Rrc, Isa^Xr, Rp^Vhcr, Isa^Xr, Rrc^Qov, Chr^Qov, Rp^Vhcr, Chr, Rp^Vhcr, Isa, Isa^Qov, Isa, Isa, Chr^Qov, Rp^Vhcr, Isa, Rp^Vhcr, Isa, Isa, Isa, Isa^Xr, Rp^Vhcr, Rp^Vhcr, Gll^Fmf, Gll^Fmf, Gll^Fmf
Rp, Rp, Isa^Xr, Isa, Rp^Vhcr, Gll^Fmf, Isa, Isa, Rp, Isa^Xr, Chr^Qov, Rb^Qov, Wo, Wo, Wo, Wo, Wo, Wo, Wo, Wo, Wo, Wo, Wo, Wo, Ds^Qov, Chr^Qov, Isa^Xr, Rrc, Isa, Rrc, Rrc^Qov, Isa^Xr, Rp^Vhcr, Rrc^Qov, Chr, Chr, Rrc, Rrc, Rp^Vhcr, Chr^Qov, Isa^Xr, Isa, Isa, Isa, Gll^Fmf, Isa, Rp^Vhcr, Isa, Isa, Rp, Rp, Gll^Fmf, Rb, Gll^Fmf, Rb
Isa, Isa, Isa^Qov, Isa, Isa, Isa, Chr, Rp^Vhcr, Chr, Chr, Gll^Fmf, Wo^Qov, Wo, Wo, Wo, Wo, Wo, Wo, Wo, Wo, Wo, Wo, Wo, Ds, Chr^Qov, Chr, Rrc, Chr^Qov, Chr^Qov, Rp^Vhcr, Isa, Rp^Vhcr, Rp^Vhcr, Chr, Chr, Rrc, Chr, Chr^Qov, Chr^Qov, Gll^Fmf, Isa^Xr, Isa^Xr, Chr^Qov, Chr^Qov, Isa, Isa, Chr^Qov, Isa^Qov, Gll^Fmf, Gll^Fmf, Gll^Fmf, Rp, Isa, Rb, Gg
Rp, Isa^Xr, Rp^Vhcr, Isa^Qov, Isa^Qov, Isa^Xr, Isa^Xr, Isa^Xr, Gll^Fmf, Chr, Chr^Qov, Wwt^Qov, Wo, Wo, Wo, Wo, Wwt, Wwt, Chr^Qov, Chr^Qov, Chr^Qov, Chr^Qov, Chr^Qov, Chr^Qov, Gll^Fmf, Rrc, Chr^Qov, Chr^Qov, Rrc, Chr^Qov, Isa, Chr^Qov, Isa^Qov, Chr, Rrc, Chr^Qov, Chr^Qov, Gll^Fmf, Gd^Fetd, Chr^Qov, Chr^Qov, Isa, Isa, Isa, Isa, Chr^Qov, Rp^Vhcr, Chr^Qov, Gll^Fmf, Gll^Fmf, Gll^Fmf, Rb, Rb, Gg, Gg
Rp^Qov, Isa, Chr^Qov, Chr, Chr^Qov, Rp^Vhcr, Chr^Qov, Gg, Chr^Qov, Gll^Fmf, Chr^Qov, Wo, Wo, Wo, Wo, Wo, Wwt, Gll^Fmf, Chr^Qov, Gll^Fmf, Chr, Gll^Fmf, Rp^Vhcr, Isa^Xr, Gll^Fmf, Rp^Vhcr, Chr^Qov, Gll^Fmf, Gll^Fmf, Gll^Fmf, Chr^Qov, Isa^Qov, Chr, Chr^Qov, Rrc, Chr^Qov, Gll^Fmf, Rp^Vhcr, Chr^Qov, Chr^Qov, Rp^Vhcr, Isa, Rp^Vhcr, Chr^Qov, Chr^Qov, Gll^Fmf, Gll^Fmf, Chr^Qov, Gll^Fmf, Isa, Isa, Rb, Rb, Rb, Gg
Gg, Rp^Qov, Gg, Chr^Qov, Gg, Chr, Gg, Chr^Qov, Gg, Chr^Qov, Wwt, Wwt, Wo, Wwt, Wo, Wo, Gll^Fmf, Chr^Qov, Gll^Fmf, Gg, Gg, Gg, Gg, Gg, Gll^Fmf, Chr^Qov, Gd^Fetd, Gg, Gll^Fmf, Gg, Gll^Fmf, Gg, Chr^Qov, Gg, Chr, Gg, Gll^Fmf, Gg, Gll^Fmf, Gll^Fmf, Gll^Fmf, Gll^Fmf, Gll^Fmf, Gg, Rb, Chr^Qov, Gg, Gll^Fmf, Gg, Gll^Fmf, Gll^Fmf, Gll^Fmf, Gll^Fmf, Rb, Gg
