Gg, Gg, Gg, Gg, Gg, Gg, Gg, Gg, Gs^Fds, Gs^Fds, Gs^Fds, Gs^Fds, Gs^Fds, Gs^Fds, Gs^Fds, Gg, Gs^Fds, Gg, Gs^Fds, Gg, Gs^Fds, Gs^Fds, Gs^Fds, Gs^Fds, Gs^Fds, Gs^Fds, Wwt, Gs^Fds, Wwt, Gs^Fds, Gg, Gs^Fds, Gg, Gs^Fds, Ch, Gs^Fds, Ch, Gs^Fds, Gs^Fds, Gs^Fds, Gs^Fds, Gs^Fds, Gs^Fds, Gs^Fds, Gs^Fds, Gg
Gg, Gg, Gs^Fds, Gs^Fds, Gs^Fds, Gg, Gs^Fds, Gs^Fds, Gs^Fds, Gs^Fds, Gs^Fds, Gs^Fds, Gs^Fds, Gs^Fds, Gg, Gg, Gs^Fds, Gs^Fds, Gs^Fds, Gs^Fds, Gll^Fdf, Gs^Fds, Gs^Fds, Gs^Fds, Wwt, Gs^Fds, Wwt, Wwt, Gs^Fds, Gs^Fds, Gg, Gg, Gg, Ch^Xo, Ch^Xo, Ch, Gs^Fds, Ch, Ch, Gs^Fds, Gs^Fds, Gs^Fds, Gs^Fds, Gs^Fds, Gs^Fds, Gs^Fds
Gg, Gs^Fds, Gs^Fds, Gs^Fds, Gs^Fds, Gs^Fds, Gs^Fds, Gs^Fds, Gs^Fds, Gs^Fds, Gs^Fds, Gs^Fds, Gs^Fds, Gs^Fds, Gg, Gg, Gs^Ft, Gs^Ft, Gs^Ft, Gs^Fds, Gs^Fds, Gs^Fds, Gs^Fds, Wwt, Wwt, Wwt, Gs^Fds, Gs^Ft, Gd^Fetd, Gs^Fds, Gg, Gg, Gs^Fds, Gs^Fds, Gs^Fds, Gs^Fds, Gs^Fds, Gs^Fds, Ch, Gs^Fds, Gs^Fds, Gs^Fds, Gs^Fds, Gs^Fds, Gs^Fds, Gs^Fds
Gg, Gs^Fds, Gs^Fds, Gs^Fds, Gs^Fds, Gs^Fds, Gs^Fds, Gs^Fds, Gs^Fds, Gs^Fds, Gll^Fdf, Gs^Fds, Gg, Gg, Gs^Fds, Gll^Fdf, Gs^Ft, Gs^Fds, Gs^Ft, Gs^Fds, Gs^Fds, Gs^Fds, Gs^Fds, Gs^Fds, Gs^Ft, Gs^Ft, Gs^Ft, Gs^Ft, Gg, Gs^Fds, Gg, Gg, Ch^Xo, Gs^Fds, Ch^Xo, Gs^Fds, Ch, Ch, Gs^Fds, Gs^Fds, Ch, Gs^Fds, Ch, Gs^Fds, Gs^Fds, Gs^Fds
Gg, Gs^Fds, Gs^Fds, Gs^Fds, Gs^Fds, Gs^Fds, Gs^Fds, Gll^Fdf, Gs^Fds, Gs^Fds, Gs^Fds, Gs^Fds, Gg, Gs^Fds, Gs^Fds, Gs^Fds, Gs^Ft, Gs^Ft, Gs^Ft, Gs^Fds, Gll^Fdf, Gs^Fds, Gs^Fds, Gll^Fmf, Gll^Fmf, Gs^Fds, Gg, Gg, Gg, Gg, Gg, Gs^Fds, Ch^Xo, Ch^Xo, Ch, Ch, Gs^Fds, Gs^Fds, Gs^Fds, 2 Ch, Kh, Kh, Ch, Gs^Fds, Gs^Fds, Gs^Fds
Gg, Gs^Fds, Gs^Fds, Gs^Fds, Gs^Fds, Gs^Fds, Gll^Fdf, Gll^Fdf, Gs^Fds, Gs^Fds, Gll^Fdf, Gg, Gg, Gll^Fdf, Gs^Ft, Gs^Ft, Gs^Fds, Gs^Fds, Gs^Ft, Gs^Ft, Gs^Ft, Gll^Fdf, Gll^Fmf, Gll^Fmf, Gs^Fds, Gs^Fds, Gg, Gs^Fds, Gg, Gg, Gg, Gs^Ft, Ch^Xo, Gs^Fds, Gs^Fds, Gs^Fds, Gs^Fds, Gs^Fds, Gs^Fds, Ch, Ch, Kh, Ch, Gs^Fds, Gs^Fds, Gs^Fds
Gg, Gg, Gg, Gs^Fds, Gs^Fds, Gll^Fdf, Gs^Fds, Gs^Fds, Gs^Fds, Gs^Fds, Gll^Fdf, Gs^Fds, Gg, Gg, Gg, Gll^Fdf, Gs^Fds, Gs^Fds, Gll^Fmf, Gs^Fds, Gs^Fds, Gs^Ft, Gll^Fmf, Gll^Fmf, Gll^Fmf, Gll^Fmf, Gg, Gg, Gg, Gg, Gs^Fds, Gs^Ft, Gs^Fds, Gs^Fds, Gll^Fmf, Gll^Fmf, Gll^Fmf, Gll^Fmf, Gll^Fmf, Wwt, Gll^Fmf, Gs^Fds, Gll^Fmf, Gs^Fds, Gs^Fds, Gs^Fds
Gg, Gg, Gg, Gs^Fds, Gll^Fdf, Gll^Fdf, Gs^Fds, Gs^Fds, Gs^Fds, Gs^Fds, Gs^Fds, Gs^Fds, Gg, Gs^Fds, Gg, Gg, Gs^Fds, Gs^Fds, Gll^Fmf, Gll^Fmf, Gs^Fds, Gs^Ft, Gs^Ft, Gll^Fdf, Gll^Fdf, Gll^Fmf, Gg, Gg, Gll^Fmf, Gll^Fmf, Gll^Fmf, Gs^Ft, Gs^Ft, Ch^Xo, Gs^Fds, Gll^Fmf, Gs^Fds, Gs^Fds, Gll^Fmf, Wwt, Wwt, Gll^Fmf, Gg, Gll^Fmf, Gs^Fds, Gs^Fds
Gg, Gg, Gs^Fds, Gs^Fds, Gs^Fds, Gll^Fdf, Gll^Fdf, Gs^Fds, Gs^Fds, Gs^Fds, Gs^Fds, Gg, Gs^Fds, Gs^Fds, Gs^Fds, Gg, Gll^Fmf, Gll^Fmf, Gll^Fdf, Gll^Fmf, Gs^Fds, Gs^Fds, Gs^Fds, Gs^Ft, Gg, Gg, Gg, Gg, Gs^Ft, Gs^Fds, Gs^Ft, Gs^Ft, Ch^Xo, Ch^Xo, Gs^Fds, Gs^Fds, Gd^Fetd, Gs^Fds, Ch, Ch, Ch, Ch, Wwt, Gll^Fmf, Gll^Fmf, Gs^Fds
Gg, Gs^Fds, Gs^Fds, Gs^Fds, Gs^Fds, Gll^Fdf, Gs^Fds, Gs^Fds, Gs^Fds, Gs^Fds, Gg, Gs^Fds, Gs^Fds, Gs^Fds, Gs^Fds, Gs^Fds, Gll^Fdf, Gll^Fmf, Gs^Fds, Gll^Fmf, Gs^Fds, Gg, Gg, Gg, Gg, Gg, Gg, Gg, Gg, Gs^Ft, Gg, Gs^Ft, Gg, Ch^Xo, Ch^Xo, Gs^Fds, Gs^Fds, Ch, Wwt, Ch, Wwt, Wwt, Wwt, Wwt, Gll^Fmf, Gs^Fds
Gs^Fds, Gs^Fds, Gs^Fds, Gs^Fds, Gll^Fdf, Gs^Fds, Gs^Fds, Gs^Fds, Gs^Fds, Gg, Gs^Fds, Gs^Fds, Gs^Fds, Gs^Fds, Gs^Fds, Gs^Fds, Gg, Gs^Fds, Gs^Fds, Gs^Fds, Gg, Gg, Gg, Gg, Gll^Fmf, Gg, Gs^Fds, Gg, Gg, Gg, Gg, Gg, Gg, Gg, Ch^Xo, Gs^Fds, Gs^Fds, Ch, Wwt, Gs^Fds, Wwt, Gg, Wwt, Gg, Wwt, Gs^Fds
Gg, Gs^Fds, Gs^Fds, Gs^Fds, Gs^Fds, Gs^Fds, Gs^Fds, Gs^Fds, Gs^Fds, Gg, Gs^Fds, Gs^Fds, Gs^Fds, Gs^Fds, Gs^Fds, Gs^Fds, Gg, Gg, Gg, Gg, Gg, Gg, Gg, Gg, Gll^Fmf, Gll^Fmf, Gs^Fds, Gs^Fds, Gll^Fdf, Gs^Fds, Gll^Fdf, Gs^Fds, Gll^Fmf, Gg, Gg, Gg, Gg, Ch, Wwt, Gs^Fds, Wwt, Wwt, Gs^Fds, Wwt, Wwt, Gg
Gg, Gg, Gs^Fds, Gs^Fds, Gs^Fds, Gs^Fds, Gs^Fds, Gs^Fds, Gs^Fds, Gg, Gs^Fds, Gs^Fds, Gs^Fds, Gs^Fds, Gs^Fds, Gg, Gg, Gg, Gg, Gg, Wwt, Gg, Gs^Fds, Gs^Fds, Gll^Fmf, Gll^Fmf, Gll^Fdf, Gll^Fdf, Gs^Fds, Gll^Fdf, Gs^Fds, Gs^Fds, Gll^Fmf, Gg, Gll^Fdf, Gg, Gg, Ch, Ch^Xo, Wwt, Wwt, Wwt, Wwt, Wwt, Gg, Gg
Gs^Fds, Gs^Fds, Gs^Fds, Gs^Fds, Gs^Fds, Gs^Fds, Gs^Fds, Gs^Fds, Gg, Gg, Gg, Gs^Fds, Gs^Fds, Gs^Fds, Gs^Fds, Gg, Gs^Fds, Gg, Gs^Fds, Gg, Wwt, Wwt, Gll^Fmf, Gll^Fmf, Gll^Fmf, Gll^Fdf, Gs^Fds, Gs^Fds, Gs^Fds, Gs^Fds, Gs^Fds, Gs^Fds, Gll^Fmf, Gs^Fds, Gll^Fdf, Gg, Gg, Gg, Gg, Ch^Xo, Ch^Xo, Ch, Wwt, Wwt, Gg, Gg
Gg, Gs^Fds, Gs^Fds, Gs^Fds, Gs^Fds, Gs^Fds, Gg, Gg, Gg, Gg, Gs^Fds, Gg, Gs^Fds, Gs^Fds, Gs^Fds, Gs^Fds, Gs^Fds, Gs^Fds, Gs^Fds, Gs^Fds, Wwt, Gll^Fmf, Gll^Fmf, Gll^Fmf, Gs^Fds, Gs^Fds, Gs^Fds, Gs^Fds, Gs^Fds, Gs^Fds, Gll^Fmf, Gll^Fmf, Gs^Fds, Gll^Fdf, Gll^Fdf, Gs^Fds, Gll^Fmf, Gg, Gg, Ch^Xo, Gll^Fmf, Ch^Xo, Wwt, Wwt, Gg, Gg
Gg, Gg, Gs^Fds, Gs^Fds, Gs^Fds, Gs^Fds, Gg, Gg, Gs^Fds, Gs^Fds, Gs^Fds, Gs^Fds, Gs^Fds, Gs^Fds, Gs^Fds, Gs^Fds, Gs^Fds, Gs^Fds, Gs^Fds, Wwt, Gs^Fds, Gs^Fds, Gll^Fdf, Gs^Fds, Gs^Fds, Gs^Fds, Gg^Fet, Gs^Fds, Gg, Gs^Fds, Gll^Fmf, Gs^Fds, Gll^Fdf, Gll^Fdf, Gs^Fds, Gs^Fds, Gs^Fds, Gll^Fmf, Gg, Gg, Gg, Ch^Xo, Ch, Gg, Gg, Gg
Gg, Gg, Gs^Fds, Gs^Fds, Gs^Fds, Gg, Gs^Fds, Gs^Fds, Gs^Fds, Gs^Fds, Gs^Fds, Gs^Fds, Gg, Gs^Fds, Gs^Fds, Gs^Fds, Gs^Fds, Gs^Fds, Gs^Fds, Wwt, Gs^Fds, Gll^Fdf, Gs^Fds, Gs^Fds, Gs^Fds, Gs^Fds, Wwt, Gs^Fds, Gg, Gs^Fds, Gs^Fds, Gll^Fmf, Gs^Fds, Gs^Fds, Gs^Fds, Gs^Fds, Gs^Ft, Gs^Ft, Gll^Fmf, Gg, Gg, Gg, Gg, Gg, Gg, Gs^Fds
Gg, Gg, Gs^Fds, Gs^Fds, Gs^Fds, Gs^Fds, Gs^Fds, Gs^Fds, Gs^Fds, Gs^Fds, Gs^Fds, Gs^Fds, Gg, Gs^Fds, Gs^Fds, Gs^Fds, Gs^Fds, Gs^Fds, Gs^Fds, Wwt, Wwt, Gs^Fds, Gs^Fds, Gs^Fds, Gg, Gg, Wwt, Wwt, Wwt, Gll^Fdf, Gll^Fdf, Gs^Fds, Gs^Fds, Gs^Fds, Gs^Ft, Gs^Fds, Gs^Ft, Gll^Fmf, Gll^Fmf, Gs^Fds, Gs^Ft, Gg, Gg, Gll^Fdf, Gg, Gs^Fds
Gg, Gs^Fds, Gs^Fds, Gs^Fds, Gs^Cov, Gs^Fds, Gs^Fds, Gs^Fds, Gs^Fds, Gs^Fds, Gs^Fds, Gg, Gg, Gg, Gg, Gs^Fds, Gs^Fds, Gs^Fds, Gs^Fds, Gs^Fds, Gs^Fds, Wwt, Wwt, Gs^Fds, Gg, Gs^Fds, Gs^Fds, Gs^Fds, Wwt, Gll^Fdf, Gll^Fdf, Gll^Fdf, Gll^Fdf, Gll^Fdf, Gll^Fdf, Gs^Fds, Gll^Fmf, Gll^Fmf, Gll^Fdf, Gll^Fdf, Gs^Fds, Gg, Gg, Gg, Gg, Gs^Fds
Gg, Gs^Fds, Gs^Fds, Gs^Fds, Gs^Cov, Gs^Cov, Gs^Cov, Gs^Fds, Gs^Fds, Gs^Fds, Gs^Fds, Gs^Fds, Gs^Fds, Gg, Gs^Fds, Gg, Gg, Gll^Fmf, Gll^Fmf, Gll^Fdf, Gll^Fmf, Gs^Fds, Gs^Fds, Gg, Gs^Fds, Gs^Fds, Gs^Fds, Wwt, Gg, Gs^Fds, Gg, Gll^Fdf, Gll^Ftr, Gll^Fdf, Gs^Fds, Gll^Fmf, Gll^Fmf, Gs^Fds, Gs^Fds, Gll^Fdf, Gll^Fdf, Gll^Fdf, Gll^Ftr, Gg, Gs^Fds, Gs^Fds
Gg, Gg, Gs^Fds, Gs^Fds, Gs^Cov, 1 Gs^Kov, Gs^Cov, Gs^Fds, Gs^Fds, Gs^Fds, Gs^Fds, Gs^Fds, Gs^Fds, Gs^Fds, Gs^Fds, Gs^Fds, Gs^Fds, Gg, Gg, Gll^Fmf, Gll^Fmf, Gs^Fds, Gll^Fmf, Gs^Fds, Gs^Fds, Gs^Fds, Gs^Fds, Wwt, Wwt, Gg, Gs^Fds, Gs^Fds, Gs^Fds, Gll^Ftr, Gs^Fds, Gs^Fds, Gll^Fmf, Gs^Fds, Gs^Fds, Gll^Fdf, Gll^Fdf, Gll^Fdf, Gg, Gg, Gs^Fds, Gs^Fds
Gg, Gg, Gs^Fds, Gs^Fds, Gs^Cov, Gs^Cov, Gs^Fds, Gs^Fds, Gs^Fds, Gs^Fds, Gs^Fds, Gs^Fds, Gs^Fds, Gs^Fds, Gs^Fds, Gs^Fds, Gs^Fds, Gs^Fds, Gs^Fds, Gg, Gll^Fdf, Gll^Fmf, Gll^Fmf, Gs^Fds, Gll^Ftr, Gs^Fds, Gs^Fds, Gs^Fds, Wwt, Gg, Gg, Gs^Fds, Gll^Ftr, Gll^Ftr, Gll^Fdf, Gs^Fds, Gll^Fdf, Gs^Fds, Gs^Fds, Gll^Fdf, Gll^Fdf, Gll^Ftr, Gg, Gs^Fds, Gs^Fds, Gs^Fds
Gg, Gg, Gs^Fds, Gs^Fds, Gs^Fds, Gs^Fds, Gs^Fds, Gs^Fds, Gs^Fds, Gs^Fds, Gg, Gs^Fds, Gs^Fds, Gs^Fds, Gs^Fds, Gs^Fds, Gs^Fds, Gs^Fds, Gs^Fds, Gg, Gs^Fds, Gll^Fdf, Gll^Fmf, Gll^Ftr, Gs^Fds, Gll^Ftr, Gll^Ftr, Gs^Fds, Gs^Fds, Gg, Gg, Gll^Ftr, Gll^Fdf, Gll^Fdf, Gs^Fds, Gll^Fmf, Gs^Fds, Gll^Fdf, Gs^Fds, Gs^Fds, Gs^Fds, Gg, Gs^Fds, Gll^Ftr, Gs^Fds, Gs^Fds
Gs^Fds, Gs^Fds, Gs^Fds, Gs^Fds, Gs^Fds, Gs^Fds, Gs^Fds, Gs^Fds, Gs^Fds, Gs^Fds, Gg, Gs^Fds, Gs^Fds, Gs^Fds, Gs^Fds, Gs^Fds, Gs^Fds, Gll^Fdf, Gs^Fds, Gll^Fdf, Gll^Fmf, Gll^Fdf, Gll^Fmf, Gll^Ftr, Gg, Gs^Fds, Gg, Gll^Ftr, Gs^Fds, Gll^Ftr, Gg, Gll^Fdf, Gs^Ft, Gs^Ft, Gs^Fds, Gll^Fmf, Gll^Ftr, Gll^Ftr, Gs^Fds, Gg^Fet, Gs^Fds, Gg, Gll^Fdf, Gll^Ftr, Gs^Fds, Gs^Fds
Gs^Fds, Gs^Fds, Gs^Fds, Gs^Fds, Gs^Fds, Gs^Fds, Gs^Fds, Gs^Fds, Gs^Fds, Gg, Gs^Fds, Gs^Fds, Gs^Fds, Gg, Gg, Gs^Fds, Gg, Gll^Fdf, Gll^Fmf, Gll^Fmf, Gll^Fmf, Gll^Fmf, Gs^Fds, Gs^Fds, Gg, Gg, Gg, Gs^Fds, Gg, Gs^Fds, Gs^Fds, Gg, Wwt, Gs^Fds, Gs^Fds, Gs^Fds, Gll^Ftr, Gs^Fds, Gs^Fds, Gs^Fds, Gs^Fds, Gll^Fmf, Gll^Ftr, Gll^Ftr, Gll^Ftr, Gg
Gs^Fds, Gs^Fds, Gs^Fds, Gs^Fds, Gs^Fds, Gs^Fds, Gs^Fds, Gs^Fds, Gg, Gg, Gs^Fds, Gs^Fds, Gs^Fds, Gs^Fds, Gs^Fds, Gg, Gs^Fds, Gs^Ft, Gs^Ft, Gs^Fds, Gs^Fds, Gs^Fds, Gg^Fet, Gg, Gs^Fds, Gg, Gs^Fds, Gg, Gs^Fds, Gs^Fds, Gs^Fds, Gs^Fds, Wwt, Gg, Gg, Gll^Ftr, Gs^Fds, Gll^Ftr, Gs^Fds, Gs^Fds, Gs^Fds, Gll^Fmf, Gll^Fmf, Gll^Ftr, Gll^Ftr, Gg
Gs^Fds, Gs^Fds, Gs^Fds, Gs^Fds, Gs^Fds, Gs^Fds, Gg, Gg, Gg, Gs^Fds, Gs^Fds, Gs^Fds, Gll^Fmf, Gll^Fmf, Gll^Fmf, Gll^Fmf, Gll^Fdf, Gs^Ft, Gs^Ft, Gs^Fds, Wwt, Gs^Fds, Gll^Fdf, Gs^Fds, Gll^Fdf, Gs^Ft, Gs^Ft, Gs^Ft, Gs^Fds, Gs^Fds, Gs^Fds, Wwt, Gs^Fds, Gs^Fds, Gg, Gs^Fds, Gs^Fds, Gll^Ftr, Gs^Fds, Gg, Gll^Fmf, Gll^Fmf, Gll^Fmf, Gll^Fdf, Gll^Ftr, Gg
Gs^Fds, Gs^Fds, Gs^Fds, Gs^Fds, Gs^Fds, Gs^Fds, Gg, Gg, Gs^Fds, Gg^Fet, Gll^Fdf, Gll^Fmf, Gll^Fmf, Gll^Fmf, Gll^Fdf, Gs^Fds, Gll^Fdf, Gg, Gs^Ft, Gs^Fds, Wwt, Gll^Fdf, Gs^Fds, Gll^Fdf, Gs^Fds, Gll^Fdf, Gs^Fds, Gs^Fds, Gs^Fds, Gs^Fds, Gg, Wwt, Wwt, Gs^Fds, Gg, Gs^Fds, Gs^Fds, Gs^Fds, Gs^Ft, Gg, Gll^Fdf, Gll^Fmf, Gll^Ftr, Gs^Fds, Gll^Ftr, Gs^Fds
Gs^Fds, Gs^Fds, Gs^Fds, Gs^Fds, Gs^Fds, Gs^Fds, Gg, Gg, Gs^Fds, Gs^Fds, Gs^Fds, Gs^Fds, Gs^Fds, Gs^Fds, Gll^Fdf, Gll^Fdf, Gs^Ft, Gs^Ft, Gs^Fds, Gg, Wwt, Gg, Gg, Gll^Fmf, Gll^Fmf, Gll^Fdf, Gg, Gg, Gg, Gg, Gs^Ft, Gg, Wwt, Gg, Gg, Gll^Fmf, Gs^Fds, Gs^Ft, Gs^Ft, Gs^Fds, Gs^Fds, Gll^Ftr, Gs^Fds, Gll^Ftr, Gs^Fds, Gs^Fds
Gs^Fds, Gs^Fds, Gs^Fds, Gs^Fds, Gs^Fds, Gs^Fds, Gs^Fds, Gs^Fds, Gs^Fds, Gs^Fds, Gs^Fds, Gs^Fds, Gs^Fds, Gs^Fds, Gs^Fds, Gs^Fds, Wwt, Gs^Fds, Gg, Wwt, Wwt, Gg, Gll^Fdf, Gg, Gg, Gg, Gs^Fds, Gg, Gs^Fds, Gs^Ft, Gll^Fmf, Gll^Fmf, Gs^Fds, Wwt, Gg, Gg, Gg, Gs^Fds, Gg, Gs^Fds, Gg, Gll^Ftr, Gs^Fds, Gs^Fds, Gs^Fds, Gs^Fds
Gs^Fds, Gs^Fds, Gs^Fds, Gs^Fds, Gg, Gg, Gg, Gs^Fds, Gs^Fds, Gs^Fds, Gs^Fds, Gs^Fds, Gs^Fds, Gs^Fds, Gs^Fds, Wwt, Gs^Fds, Wwt, Wwt, Wwt, Wwt, Gs^Fds, Gll^Fdf, Gll^Fdf, Gll^Fdf, Gs^Fds, Gll^Fdf, Gs^Ft, Gs^Fds, Gs^Ft, Gll^Fmf, Gll^Fmf, Wwt, Wwt, Gs^Fds, Gs^Fds, Gll^Fdf, Gg, Gs^Fds, Wwt, Gll^Ftr, Gg, Gg, Gs^Fds, Gs^Fds, Gs^Fds
Gs^Fds, Gg, Gg, Gs^Fds, Gs^Fds, Gg, Gg, Gg, Gg, Gs^Fds, Gll^Fmf, Gs^Fds, Gll^Fdf, Gs^Fds, Gs^Fds, Wwt, Gg, Gg, Gs^Fds, Wwt, Gs^Fds, Gs^Fds, Gs^Fds, Gll^Fdf, Gll^Fdf, Gll^Fdf, Gll^Fdf, Gll^Fdf, Gll^Fmf, Gll^Fmf, Gs^Fds, Gll^Fdf, Wwt, Wwt, Gll^Fdf, Gll^Fdf, Gs^Fds, Gs^Fds, Gs^Fds, Wwt, Wwt, Gs^Fds, Gs^Fds, Gg, Gg, Gs^Fds
Gs^Fds, Gs^Fds, Gs^Fds, Gs^Fds, Gs^Fds, Gs^Fds, Gs^Fds, Gs^Fds, Gs^Fds, Gg, Gg, Gll^Fmf, Gll^Fmf, Gll^Fmf, Wwt, Wwt, Gs^Fds, Gs^Fds, Gs^Fds, Gs^Fds, Gs^Fds, Gg, Wwt, Gg, Gs^Fds, Gll^Ftr, Gll^Ftr, Gs^Fds, Gs^Fds, Gll^Fmf, Gs^Fds, Wwt, Gll^Fdf, Gll^Fdf, Gll^Fdf, Gll^Ftr, Gs^Fds, Gs^Fds, Gs^Fds, Gs^Fds, Wwt, Wwt, Gs^Fds, Gs^Fds, Gs^Fds, Gs^Fds
Gs^Fds, Gs^Fds, Gs^Fds, Gs^Fds, Gs^Fds, Gs^Fds, Gs^Fds, Gs^Fds, Gs^Fds, Gs^Fds, Gs^Fds, Gg, Wwt, Wwt, Gll^Fmf, Gll^Fmf, Gs^Fds, Gs^Fds, Gs^Fds, Gs^Fds, Gs^Fds, Wwt, Gs^Fds, Gs^Fds, Gs^Fds, Gs^Fds, Gll^Ftr, Gs^Fds, Gs^Fds, Gll^Fmf, Gs^Fds, Gs^Fds, Gll^Fdf, Gll^Fdf, Gll^Ftr, Gll^Ftr, Gs^Fds, Gs^Fds, Gs^Fds, Gs^Fds, Wwt, Wwt, Gll^Fdf, Gs^Fds, Gs^Fds, Gs^Fds
Gs^Fds, Gs^Fds, Gs^Fds, Gs^Fds, Gs^Fds, Gs^Fds, Gs^Fds, Gs^Fds, Gs^Fds, Gs^Fds, Gs^Fds, Gs^Fds, Gg, Gll^Fdf, Gll^Fdf, Gll^Fmf, Gll^Ftr, Gll^Ftr, Gll^Ftr, Gs^Fds, Gs^Fds, Wwt, Gll^Ftr, Gll^Ftr, Gll^Ftr, Gll^Ftr, Gll^Fdf, Gll^Fdf, Gll^Fmf, Gll^Fdf, Gll^Fdf, Gs^Fds, Gg^Fet, Gll^Fdf, Gll^Fdf, Gll^Ftr, Gll^Ftr, Gs^Fds, Gs^Fds, Gs^Ft, Gs^Fds, Gs^Fds, Gll^Fdf, Gs^Fds, Gs^Fds, Gs^Fds
Gs^Fds, Gs^Fds, Gs^Fds, Gg, Gs^Fds, Gs^Fds, Gs^Fds, Gs^Fds, Gs^Fds, Gs^Fds, Gll^Fdf, Gs^Fds, Gll^Fdf, Gs^Fds, Gll^Fdf, Gll^Fmf, Gll^Ftr, Gs^Fds, Gs^Fds, Gll^Ftr, Gll^Ftr, Wwt, Gll^Ftr, Gll^Ftr, Gll^Fdf, Gll^Fdf, Gs^Ft, Gs^Fds, Gll^Fmf, Gs^Fds, Gll^Ftr, Gs^Fds, Gs^Fds, Gs^Fds, Gll^Fdf, Gs^Fds, Gll^Ftr, Gs^Fds, Gs^Fds, Gs^Fds, Gll^Fdf, Gll^Fdf, Gs^Fds, Gs^Fds, Gs^Fds, Gg
Gs^Fds, Gs^Fds, Gg, Gg, Gs^Fds, Gg^Fet, Gg, Gs^Fds, Gs^Fds, Gs^Fds, Gll^Fdf, Gs^Fds, Gll^Fmf, Gll^Fmf, Gll^Fmf, Gll^Fmf, Wwt, Wwt, Wwt, Gg, Wwt, Wwt, Gs^Fds, Gs^Fds, Gs^Ft, Gs^Ft, Gs^Fds, Gs^Fds, Gs^Fds, Gll^Ftr, Gs^Fds, Gs^Fds, Gs^Fds, Gs^Fds, Gll^Fmf, Gll^Fdf, Gll^Ftr, Gs^Fds, Gg, Gll^Fdf, Gll^Fmf, Gll^Ftr, Gll^Fdf, Gs^Fds, Gs^Fds, Gg
Gs^Fds, Gs^Fds, Gg, Gs^Fds, Gs^Fds, Gs^Fds, Gs^Fds, Gg, Gg, Gg, Gs^Ft, Gll^Fmf, Gs^Fds, Gll^Fmf, Gs^Fds, Wwt, Wwt, Wwt, Gg, Wwt, Gg, Wwt, Wwt, Gs^Fds, Gs^Fds, Gs^Fds, Gll^Ftr, Gs^Fds, Gll^Ftr, Gll^Ftr, Gll^Ftr, Gs^Fds, Gs^Fds, Gs^Fds, Gll^Fmf, Gll^Ftr, Gll^Ftr, Gll^Ftr, Gg, Gs^Fds, Gs^Fds, Gll^Fmf, Gs^Fds, Gs^Fds, Gs^Fds, Gs^Fds
Gg, Gg, Gs^Fds, Gs^Fds, Gs^Fds, Gs^Fds, Gll^Fmf, Gs^Fds, Gll^Fmf, Gs^Fds, Gs^Ft, Gs^Ft, Gs^Fds, Gs^Fds, Gs^Fds, Gs^Fds, Gs^Fds, Gs^Fds, Gs^Ft, Gs^Fds, Gs^Ft, Wwt, Wwt, Wwt, Gs^Fds, Gs^Fds, Gs^Fds, Gll^Ftr, Gs^Fds, Gs^Fds, Gll^Ftr, Gs^Fds, Gg, Gs^Fds, Gll^Fmf, Gll^Fmf, Gll^Fdf, Gll^Ftr, Gs^Fds, Gll^Fdf, Gll^Fdf, Gs^Fds, Gs^Fds, Gs^Fds, Gs^Ft, Gs^Fds
Gg, Gg, Gs^Fds, Gs^Fds, Gll^Fmf, Gll^Fmf, Gll^Fmf, Gll^Fmf, Gs^Fds, Gll^Fdf, Gg, Gs^Ft, Gs^Fds, Gs^Fds, Gll^Fdf, Gll^Fdf, Gll^Fdf, Gll^Fdf, Gll^Fdf, Gs^Ft, Gs^Fds, Gs^Fds, Gs^Fds, Wwt, Wwt, Gs^Fds, Gs^Fds, Gs^Fds, Gs^Fds, Gs^Fds, Gs^Fds, Gs^Fds, Gg, Gll^Fmf, Gll^Fmf, Gll^Fmf, Gs^Fds, Gll^Ftr, Gs^Fds, Gll^Fdf, Gll^Fdf, Gll^Fdf, Gll^Fdf, Gll^Fdf, Gll^Fdf, Gs^Fds
Gg, Gs^Fds, Gs^Fds, Gll^Fdf, Gs^Fds, Gll^Fmf, Gll^Fdf, Gll^Fdf, Gll^Fdf, Gll^Fdf, Gs^Ft, Gs^Ft, Gg, Gs^Fds, Gs^Fds, Gs^Fds, Gs^Fds, Gs^Fds, Gs^Fds, Gs^Fds, Gs^Fds, Gs^Fds, Gs^Fds, Gs^Fds, Gll^Ftr, Gll^Ftr, Wwt, Wwt, Gg, Gs^Fds, Gs^Ft, Gs^Ft, Gs^Fds, Gll^Fdf, Gll^Ftr, Gll^Ftr, Gll^Ftr, Gll^Ftr, Gg, Gs^Fds, Gg, Gll^Fdf, Gll^Ftr, Gll^Fdf, Gs^Fds, Gll^Fmf
Gs^Fds, Gs^Fds, Gll^Fdf, Gll^Fdf, Gs^Fds, Gll^Fmf, Gll^Fmf, Gll^Fmf, Gs^Ft, Gs^Ft, Gs^Fds, Gg, Gs^Fds, Gs^Fds, Gs^Fds, Gs^Fds, Gs^Fds, Gs^Fds, Gs^Fds, Gll^Ftr, Gll^Ftr, Gll^Ftr, Gll^Ftr, Gll^Ftr, Gll^Fdf, Gll^Ftr, Wwt, Wwt, Gll^Ftr, Gg, Gs^Fds, Gs^Ft, Gs^Fds, Gs^Fds, Gll^Ftr, Gs^Fds, Gg^Fet, Gs^Fds, Gs^Fds, Gg, Gs^Fds, Gs^Fds, Gs^Fds, Gll^Ftr, Gs^Fds, Gs^Fds
Gs^Fds, Gs^Fds, Gll^Fdf, Gs^Fds, Wwt, Wwt, Gll^Fmf, Gll^Fmf, Gll^Fdf, Gs^Ft, Gs^Fds, Gs^Fds, Gs^Fds, Gs^Fds, Gs^Fds, Gs^Fds, Gs^Fds, Gs^Fds, Gs^Fds, Gs^Fds, Gll^Ftr, Gll^Ftr, Gs^Fds, Gll^Fdf, Gll^Fdf, Gll^Fdf, Wwt, Wwt, Gll^Fdf, Gs^Ft, Gs^Ft, Gs^Ft, Gs^Fds, Gll^Ftr, Gll^Ftr, Gs^Fds, Gs^Fds, Gs^Fds, Gs^Fds, Gs^Fds, Gll^Ftr, Gs^Fds, Gll^Ftr, Gll^Ftr, Gll^Fdf, Gs^Fds
Gs^Fds, Gll^Fdf, Gg, Gs^Fds, Wwt, Wwt, Gll^Fmf, Gll^Fdf, Gll^Fdf, Gs^Ft, Gs^Fds, Gs^Fds, Gs^Fds, Gs^Fds, Gs^Fds, Gll^Fdf, Gg, Gs^Fds, Gs^Fds, Gll^Ftr, Gll^Ftr, Gll^Ftr, Gs^Fds, Gll^Fdf, Gs^Fds, Gs^Fds, Wwt, Wwt, Gll^Fdf, Gs^Ft, Gs^Ft, Gs^Ft, Gs^Fds, Gll^Ftr, Gs^Fds, Gs^Fds, Wwt, Gs^Fds, Gs^Fds, Gll^Ftr, Gll^Ftr, Gll^Ftr, Gll^Fdf, Gll^Fdf, Gs^Fds, Gll^Fmf
Gs^Fds, Gs^Fds, Gg, Wwt, Wwt, Gs^Fds, Gll^Fmf, Gs^Fds, Gs^Fds, Gs^Fds, Gs^Fds, Gs^Fds, Gs^Fds, Gs^Fds, Gs^Fds, Gg, Wwt, Wwt, Wwt, Gs^Fds, Gll^Ftr, Gll^Ftr, Gg^Fet, Gs^Fds, Gs^Fds, Gs^Fds, Gg, Gg, Gg, Gs^Ft, Gs^Ft, Gs^Fds, Gg, Gs^Fds, Wwt, Wwt, Wwt, Wwt, Wwt, Gll^Ftr, Gs^Fds, Gll^Fdf, Wwt, Gs^Ft, Gg, Gll^Fmf
Gs^Fds, Gs^Fds, Gs^Fds, Wwt, Wwt, Gs^Fds, Gs^Fds, Gs^Fds, Gs^Fds, Gs^Fds, Gg^Fet, Gs^Fds, Wwt, Wwt, Gs^Fds, Gg, Gs^Fds, Wwt, Wwt, Gg, Gll^Ftr, Gs^Fds, Gs^Fds, Gs^Fds, Gs^Fds, Gs^Fds, Gs^Fds, Gs^Fds, Gs^Fds, Gg, Gg, Gg, Gg, Wwt, Wwt, Wwt, Gs^Fds, Wwt, Wwt, Wwt, Wwt, Wwt, Gg, Gg, Gg, Gg
Gs^Fds, Gs^Fds, Gs^Fds, Gs^Fds, Wwt, Wwt, Wwt, Wwt, Gs^Fds, Gs^Fds, Gs^Fds, Gs^Fds, Wwt, Gs^Fds, Gs^Fds, Gs^Fds, Gll^Ftr, Gll^Ftr, Gll^Ftr, Wwt, Gll^Ftr, Gs^Fds, Gs^Fds, Gs^Fds, Gs^Fds, Gs^Fds, Gs^Fds, Gs^Fds, Gs^Fds, Gs^Fds, Gs^Fds, Gs^Fds, Gs^Fds, Wwt, Wwt, Wwt, Gs^Fds, Gs^Fds, Gs^Cov, Gs^Fds, Gg, Wwt, Gs^Fds, Gll^Ftr, Gll^Ftr, Gll^Ftr
Gg, Gs^Fds, Gg, Gs^Fds, Gg, Gs^Fds, Gg, Wwt, Wwt, Wwt, Wwt, Gs^Fds, Wwt, Gs^Fds, Gg, Gs^Fds, Gs^Fds, Gs^Fds, Wwt, Wwt, Gs^Fds, Gs^Fds, Gs^Fds, Gs^Fds, Gs^Fds, Gs^Fds, Wwt, Gs^Ft, Gs^Ft, Gs^Fds, Gs^Fds, Gs^Fds, Gs^Fds, Wwt, Gs^Fds, Gs^Fds, Gs^Fds, Gs^Cov, 3 Gs^Kov, Gs^Cov, Gs^Fds, Gs^Fds, Gs^Fds, Gs^Fds, Gs^Fds, Gs^Fds
Gg, Gg, Gs^Fds, Gg, Gs^Fds, Gll^Fdf, Gs^Fds, Gs^Fds, Wwt, Gs^Fds, Gs^Fds, Wwt, Gs^Fds, Gs^Fds, Gs^Fds, Gs^Fds, Gs^Fds, Gs^Fds, Gs^Fds, Wwt, Wwt, Gs^Fds, Gg, Wwt, Wwt, Wwt, Wwt, Gg, Gs^Ft, Gs^Fds, Gs^Fds, Gs^Fds, Gs^Fds, Wwt, Gs^Fds, Gll^Fdf, Gs^Fds, Gs^Cov, Gs^Cov, Gs^Cov, Gs^Fds, Gs^Fds, Gll^Ftr, Gs^Fds, Gs^Fds, Gs^Fds
Gs^Fds, Gs^Fds, Gs^Fds, Gs^Fds, Wwt, Gs^Fds, Gll^Ftr, Gs^Fds, Gll^Ftr, Gs^Fds, Gll^Ftr, Gll^Ftr, Gll^Ftr, Gs^Fds, Gll^Ftr, Gs^Fds, Gs^Ft, Gg, Gs^Ft, Gs^Fds, Gs^Fds, Wwt, Wwt, Wwt, Gs^Fds, Gll^Fdf, Gs^Ft, Gs^Fds, Gg, Gg, Gs^Fds, Gs^Fds, Wwt, Wwt, Gs^Fds, Gs^Fds, Gll^Ftr, Gs^Fds, Gll^Ftr, Gs^Fds, Gll^Ftr, Gll^Ftr, Gll^Ftr, Gll^Ftr, Gll^Ftr, Gs^Fds
Gs^Fds, Gs^Fds, Gs^Fds, Wwt, Wwt, Gs^Fds, Gs^Fds, Gll^Ftr, Gll^Ftr, Gll^Ftr, Gll^Fdf, Gll^Fdf, Gll^Fdf, Gll^Fdf, Gll^Fdf, Gll^Ftr, Gs^Ft, Gs^Fds, Gs^Ft, Gs^Fds, Gll^Ftr, Wwt, Gs^Fds, Gs^Fds, Gs^Fds, Gs^Ft, Gs^Ft, Gs^Fds, Gs^Fds, Gs^Fds, Gs^Fds, Wwt, Gs^Fds, Gs^Fds, Gs^Fds, Gs^Fds, Gs^Fds, Gll^Ftr, Gll^Ftr, Gll^Ftr, Gll^Fdf, Gll^Fdf, Gll^Fdf, Gll^Fdf, Gll^Fdf, Gll^Ftr
Gs^Fds, Gs^Fds, Gll^Fdf, Wwt, Wwt, Gs^Fds, Gll^Ftr, Gll^Ftr, Gll^Ftr, Gs^Fds, Gll^Fdf, Gll^Fdf, Gs^Fds, Gs^Fds, Gll^Fdf, Gll^Fdf, Gs^Ft, Gs^Ft, Gs^Ft, Gs^Fds, Gll^Ftr, Gll^Ftr, Gs^Fds, Gs^Fds, Gs^Fds, Gll^Fdf, Gs^Ft, Gs^Fds, Gs^Fds, Gs^Fds, Gs^Fds, Wwt, Gll^Fdf, Gs^Fds, Gs^Fds, Gs^Fds, Gll^Ftr, Gll^Ftr, Gll^Ftr, Gs^Fds, Gll^Fdf, Gll^Fdf, Gs^Fds, Gs^Fds, Gll^Fdf, Gll^Fdf
Gs^Fds, Gs^Fds, Gg, Wwt, Gg, Gs^Fds, Gs^Fds, Gll^Ftr, Gll^Ftr, Gs^Fds, Gs^Fds, Gs^Fds, Gs^Fds, Gs^Fds, Gs^Fds, Gll^Fdf, Gs^Ft, Gs^Ft, Gs^Fds, Gs^Fds, Gs^Fds, Gs^Fds, Gs^Fds, Gs^Fds, Gs^Fds, Gs^Fds, Gs^Fds, Gs^Fds, Gs^Fds, Gs^Fds, Gs^Fds, Gs^Fds, Gg, Gg, Gg, Gs^Fds, Gs^Fds, Gll^Ftr, Gll^Ftr, Gs^Fds, Gs^Fds, Gs^Fds, Gs^Fds, Gs^Fds, Gs^Fds, Gll^Fdf
Gs^Fds, Gs^Fds, Gg, Gg, Gs^Fds, Gg, Gg, Gll^Ftr, Gs^Fds, Gs^Fds, Gs^Fds, Gs^Fds, Gs^Fds, Gg, Gs^Fds, Gll^Fdf, Gs^Fds, Gs^Ft, Gs^Fds, Gs^Fds, Gs^Fds, Gs^Fds, Gs^Fds, Gs^Fds, Gs^Fds, Gs^Fds, Gs^Fds, Gs^Fds, Gs^Fds, Gs^Fds, Gs^Fds, Gs^Fds, Gg, Gg, Gs^Fds, Gg, Gg, Gll^Ftr, Gs^Fds, Gs^Fds, Gs^Fds, Gs^Fds, Gs^Fds, Gg, Gs^Fds, Gll^Fdf
