Gg, Gg, Gg, Gg, Gg, Gg, Gg, Gg, Gg, Gg, Gg, Gg, Gd, Gg, Gd, Gg, Gg, Gg, Gg, Gg, Gg, Gg, Gg, Gg, Gg, Gg, Gs^Fds, Gg, Gs^Fds, Gs^Fds, Gs^Fds, Gs^Fds, Gs^Fds, Gs^Fds, Gs^Fds, Gs^Fds, Gs^Fds, Gs^Fds, Gs^Fds, Gs^Fds, Gs^Fds, Gs^Fds, Gs^Fds, Gll^Fdf, Gll^Fdf, Gll^Fdf
Gg, Gg, Gg, Gg, Gg, Gd, Gg, Gg, Gg, Gg, Gd, Gd, Gd, Gd, Gd, Gd, Gg, Gg, Gd, Gg, Gg, Gg, Gg, Gg, Gg, Gs^Fds, Gs^Fds, Gs^Fds, Gs^Fds, Gs^Fds, Gs^Fds, Gs^Fds, Gs^Xo, Gs^Fds, Gs^Fds, Gs^Fds, Gll^Fdf, Gs^Fds, Gs^Fds, Gs^Fds, Gs^Fds, Gs^Fds, Gs^Fds, Gs^Fds, Gs^Fds, Gll^Fdf
Gg, Gg, Gg, Gg, Gg, Gg, Gg, Gg, Gd, Gg, Gg, Gg, Gg, Gd, Gg, Gg, Gd, Gd, Gg, Gg, Gg, Gg, Gg, Gg, Gg, Gs^Fds, Gs^Fds, Gs^Fds, Gg, Gs^Fds, Gg^Xo, Gg^Xo, Gg, Gg^Xo, Gg^Xo, Gs^Fds, Gs^Fds, Gs^Fds, Gg, Gs^Fds, Gg, Gs^Fds, Gs^Fds, Gs^Fds, Gs^Fds, Gg
Gg, Gg, Gg, Gg, Gd, Gg, Gd, Gg, Gg, Gg, Gg, Gg, Gg, Gg, Gg, Gg, Gg, Gd, Gd, Gg, Gg, Gg, Gg, Gg, Gg, Gg, Gg, Gg, Gg, Gg^Xo, Gg, Gg, Gg, Gg, Gg, Gg^Xo, Gg^Xo, Gg, Gg, Gg, Gg, Gg, Gg, Gs^Fds, Gg, Gg
Gg, Gg, Gd, Gd, Gg, Gd, Gg, Gg, Gg, Gg, Gs^Fds, Gg, Gg, Gg, Gg, Gg, Gg, Gg, Gd, Gg, Gd, Gg, Gg, Gg, Gg, Gg, Gg, Gg, Gg, Gg^Xo, Gg, Gg, Gg, Gg, Gg, Gg, Gg^Xo, Gg, Ds, Gg, Gg, Gg, Ds, Gg, Ww, Gg
Gg, Gg, Gg, Gg, Gg, Gg, Gg, Gg, Gg, Gs^Fds, Gs^Fds, Gs^Fds, Gs^Fds, Gg, Gg, Gg, Gg, Gg, Gg, Gd, Gg, Gg, Gg, Gg, Gs^Fds, Gs^Fds, Gg, Gg, Gg, Gg^Xo, Gg^Xo, Gg, Gg, Gg, Gg, Gg, Ds^Xo, Ds, Ww, Ww, Ww, Ds, Ww, Ww, Ww, Ww
Gg, Gg, Gg, Gg, Gd, Gd, Gg, Gg, Gg, Gs^Fds, Gs^Fds, Gs^Fds, Gll^Fdf, Gll^Fdf, Gll^Fdf, Gg, Gg, Gg, Gg, Gg, Gg, Gg, Gg, Gg, Gs^Fds, Gs^Fds, Gs^Fds, Gg, Gg, Gg, Gg, Gg^Xo, Gg^Xo, Gg, Gg^Xo, Gg^Xo, Ds, Ds, Ww, Ww, Wo, Ww, Wo, Ww, Ww, Ww
Gg, Gg, Gg, Gg, Gg, Gg, Gg, Gg, Gg, Gg, Gs^Fds, Gs^Fds, Gll^Fdf, Gll^Fdf, Gll^Fdf, Gg, Gg, Gg, Gg, Gg, Gg, Gg, Gg, Gd, Gd, Gs^Fds, Gs^Fds, Gg, Gg, Gg, Gg, Gg, Gg, Ds^Xo, Ds, Ds, Ww, Ww, Ww, Ww, Wo, Wo, Wo, Wo, Wo, Ww
Gg, Gg, Gg, Gg, Gg, Gg, Gg, Gg, Gg, Gg, Gs^Fds, Gs^Fds, Gs^Fds, Gll^Fdf, Gg, Gg, Gg, Gg, Gd, Gg, Gd, Gg, Gd, Gd, Gs^Fds, Gs^Fds, Gs^Fds, Gg, Gg, Gg, Gg, Gg, Gg, Wo, Wo, Ww, Ww, Ww, Ww, Ww, Wo, Wo, Wo, Wo, Wo, Wo
Gg, Gg, Gg, Gg, Gg, Gg, Gg, Gg, Gg, Gg, Gs^Fds, Gs^Fds, Gll^Fdf, Gs^Fds, Gg, Gg, Gg, Gg, Gd, Gd, Gd, Gd, Gg, Gs^Fds, Gs^Fds, Gs^Fds, Gg, Gg, Gg, Gg, Gg, Gg, Ww, Wo, Wo, Ww, Ww, Ww, Wo, Wo, Wo, Wo, Wo, Wo, Wo, Wo
Gg, Gg, Gg, Gg, Gg, Gg, Gg, Gg, Gg, Gs^Fds, Ww, Gll^Fdf, Gll^Fdf, Gll^Fdf, Gg, Gg, Gg, Gg, Gd, Gd, Gd, Gg, Gg, Gs^Fds, Gg, Gg, Gg, Gg, Gg, Ds, Gg, Ww, Ww, Ww, Wo, Wo, Wo, Wo, Wo, Wo, Wo, Wo, Wo, Wo, Wo, Wo
Gg, Gg, Gg, Gg, Gs^Fds, Gs^Fds, Gs^Fds, Gs^Fds, Gg, Gg, Ww, Ww, Gll^Fdf, Gll^Fdf, Gg, Gg, Gg, Gd, Gg, Gg, Gd, Gg, Gg, Gg, Gg, Gg, Gg, Gg, Gg, Ds, Ww, Ww, Ww, Ww, Wwt, Wo, Wo, Wo, Wo, Wo, Wo, Wo, Wo, Wo, Wo, Wo
Gs^Fds, Gs^Fds, Gs^Fds, Gg, Gs^Fds, Gs^Fds, Gll^Fdf, Gll^Fdf, Gll^Fdf, Gg, Gg, Gg, Gg, Gg, Gg, Gg, Gg, Gg, Gg, Gg, Gd, Gg, Gg, Gg, Gg^Sr, Gg, Gg, Gg, Ds, Ds, Ww, Ww, Wwt, Wwt, Wo, Wo, Wo, Wo, Wo, Wo, Wo, Wo, Wo, Wo, Wo, Wo
Gs^Fds, Gs^Fds, Gs^Fds, Gs^Fds, Gs^Fds, Gs^Fds, Gll^Fdf, Gll^Fdf, Gll^Fdf, Gs^Fds, Gg, Gg, Gg, Gg, Gg, Gg, Gg, Gg, Gg, Gg, Gg, Gg, Gg, Gg^Sr, Gg^Sc, Gg^Sr, Gg, Gg, Ww, Ww, Wwt, Wwt, Wo, Wwt, Wo, Wo, Wo, Wo, Wo, Wo, Wo, Wo, Wo, Wo, Wo, Wo
Gg, Gs^Fds, Gs^Fds, Gs^Fds, Gs^Fds, Gs^Fds, Gs^Fds, Gll^Fdf, Gs^Fds, Gs^Fds, Gs^Fds, Gs^Fds, Gs^Fds, Gs^Fds, Gs^Fds, Gg, Gg, Gg, Gs^Fds, Gg, Gg, Gg, Gg, Gg^Sr, Gg^Sr, Gg^Sr, Ww, Ww, Ww, Ww, Wwt, Wwt, Wo, Wo, Gg, Wo, Wo, Wo, Wo, Wo, Wo, Wo, Wo, Wo, Wo, Wo
Gg, Gg, Gg, Gg, Ww, Gs^Fds, Gs^Fds, Gs^Fds, Gs^Fds, Gg, Gs^Fds, Gs^Fds, Gs^Fds, Gs^Fds, Gs^Fds, Gg, Gs^Fds, Gs^Fds, Gs^Fds, Gs^Fds, Gg, Gg, Gg, Gg, Ds, Ww, Ww, Ww, Wwt, Wwt, Wwt, Wwt, Wo, Wo, Wo, Wo, Wo, Wo, Wo, Wo, Wo, Wo, Wo, Wo, Wo, Wo
Gg, Gg, Gg, Ww, Gs^Fds, Ss, Ss, Gs^Fds, Gs^Fds, Gs^Fds, Gs^Fds, Gs^Fds, Gs^Fds, Gs^Fds, Gg, Gg, Gs^Fds, Gs^Fds, Gs^Fds, Gs^Fds, Gg, Gg, Gg, Ds, Ds, Ww, Ww, Ww, Wo, Wwt, Wo, Wo, Wo, Wo, Wo, Wo, Wo, Wo, Gg, Wo, Wo, Wo, Wo, Wo, Wo, Wo
Gg, Gg, Ss, Gs^Fds, Gs^Fds, Ss, Gs^Fds, Gs^Fds, Gs^Fds, Gs^Fds, Gll^Fdf, Gs^Fds, Gs^Fds, Gs^Fds, Gg, Gs^Fds, Gs^Fds, Gs^Fds, Gg, Gg, Gg, Gg, Ds, Ds, Ww, Ww, Wwt, Wo, Wo, Wo, Wo, Wo, Wo, Wo, Wo, Wo, Wo, Wo, Wo, Wo, Wo, Wo, Wo, Wo, Wo, Wo
Gg, Gg, Gg, Gs^Fds, Gs^Fds, Gs^Fds, Gs^Fds, Gs^Fds, Gs^Fds, Gll^Fdf, Gll^Fdf, Gll^Fdf, Gs^Fds, Gg, Gg, Gs^Fds, Gg, Gg, Gg, Gg, Gg, Gg, Wwt, Ww, Ww, Ww, Wwt, Wwt, Wo, Wo, Wo, Wo, Wo, Wo, Wo, Wo, Wo, Wo, Wo, Wo, Wo, Wo, Wo, Wo, Wo, Wo
Gg, Gg, Gs^Fds, Gs^Fds, Gs^Fds, Gs^Fds, Gg, Ww, Gg, Gll^Fdf, Gll^Fdf, Gll^Fdf, Gs^Fds, Gs^Fds, Gs^Fds, Gg, Gg, Gg, Gg, Gg, Gg, Gg, Ww, Ww, Ww, Wo, Wwt, Wwt, Wo, Wo, Wo, Wo, Wo, Wo, Wo, Wo, Wo, Wo, Wo, Wo, Wo, Wo, Wo, Wo, Wo, Wo
Gg, Gs^Fds, Gs^Fds, Gs^Fds, Gs^Fds, Gs^Fds, Ss, Ss, Ss, Gs^Fds, Gs^Fds, Gs^Fds, Gs^Fds, Gs^Fds, Gs^Fds, Gg, Gg, Gg, Gg, Gg, Ww, Ww, Ww, Ww, Wwt, Wo, Wo, Wo, Wo, Wo, Wo, Wo, Wo, Gg, Wo, Wo, Wo, Wo, Wo, Wo, Wo, Wo, Wo, Wo, Wo, Wo
Gs^Fds, Gs^Fds, Gs^Fds, Gs^Fds, Ss, Gs^Fds, Gg, Ss, Ss, Gs^Fds, Gs^Fds, Gs^Fds, Gs^Fds, Gs^Fds, Gg, Gg, Gg, Gg, Ds, Gg, Ww, Ww, Wwt, Wwt, Wwt, Wwt, Wo, Wo, Wo, Wo, Wo, Wo, Wo, Wo, Wo, Wo, Wo, Wo, Wo, Wo, Wo, Wo, Wo, Wo, Wo, Wo
Gs^Fds, Gs^Fds, Gs^Fds, Gs^Fds, Ss, Gg, Gs^Fds, Gg, Gs^Fds, Ss, Ss, Gs^Fds, Gg, Gg, Gg, Gg, Gg, Gg, Gg, Ww, Ww, Ww, Wwt, Wwt, Wo, Wo, Wo, Wo, Wo, Wo, Wo, Wo, Wo, Wo, Wo, Wo, Wo, Wo, Wo, Wo, Wo, Wo, Wo, Wo, Wo, Wo
Gs^Fds, Gs^Fds, Ss, Ss, Gg, Sm, Gs^Fds, Gg, Gs^Fds, Ss, Gg, Gg, Gg, Gg, Gg, Gg, Gg, Gg, Ds, Ds, Ww, Ww, Wo, Wo, Wo, Wo, Wo, Wo, Wo, Wo, Wo, Wo, Wo, Wo, Wo, Wo, Wo, Wo, Wo, Wo, Wo, Wo, Wo, Wo, Ds, Wo
Gs^Fds, Gs^Fds, Ss, Gs^Fds, Gll^Fdf, Gs^Fds, Sm, Sm, Gs^Fds, Gs^Fds, Gs^Fds, Gg, Gg, Gg, Gg, Gg, Gg, Gg, Ds, Ww, Wo, Wo, Wo, Wo, Wo, Wo, Wo, Wo, Wo, Wo, Wo, Wo, Wo, Wo, Wo, Wo, Wo, Wo, Wo, Wo, Wo, Wo, Wo, Wo, Ch, Wo
Gs^Fds, Gs^Fds, Gs^Fds, Gs^Fds, Gll^Fdf, Gll^Fdf, Gll^Fdf, Sm, Gll^Fdf, Gs^Fds, Sm, Gs^Fds, Gg, Gg, Gg, Gg, Gg, Gg, Ww, Ww, Ww, Wwt, Wo, Wo, Wo, Wo, Wo, Wo, Wo, Wo, Wo, Wo, Wo, Wo, Wo, Wo, Wo, Wo, Wo, Wo, Wo, Wo, Wo, Ds, Ch, Gg
Gg, Gs^Fds, Gs^Fds, Gs^Fds, Gs^Fds, Gll^Fdf, Gll^Fdf, Gll^Fdf, Gll^Fdf, Gs^Fds, Gs^Fds, Sm, Sm, Sm, Gg, Gg, Gg, Ww, Ww, Ww, Ww, Wwt, Wo, Wo, Wo, Wo, Wo, Wo, Wo, Ds, Wo, Wo, Wo, Wo, Wo, Wo, Wo, Wo, Wo, Wo, Wo, Wo, Ds, Ch, Isr, Gg
Gg, Ss, Gs^Fds, Gs^Fds, Gs^Fds, Sm, Ss, Sm, Gs^Fds, Gs^Fds, Gs^Fds, Gs^Fds, Sm, Sm, Ds, Ds, Ww, Ww, Ww, Ww, Wo, Wo, Wo, Wo, Wo, Wo, Wo, Wo, Wo, Wo, Wo, Wo, Wo, Wo, Wo, Wo, Wo, Wo, Wo, Wo, Wo, Ch, Ch, Ch, Isr, Gg
Gg, Gs^Fds, Gs^Fds, Gs^Fds, Ss, Gs^Fds, Ss, Gg, Gs^Fds, Gs^Fds, Gs^Fds, Gs^Fds, Wwt, Ds, Ww, Ds, Ww, Ww, Wo, Wo, Wo, Wo, Wo, Wo, Wo, Wo, Wo, Wo, Wo, Wo, Wo, Wo, Wo, Wo, Wo, Wo, Wo, Wo, Wo, Ds, Ds, Ds, Isr, Isr, Isr, Isr
Gs^Fds, Gs^Fds, Gg, Gs^Fds, Ss, Ss, Sm, Sm, Gs^Fds, Gs^Fds, Gs^Fds, Gs^Fds, Ds, Ww, Ww, Ww, Wo, Wo, Wo, Wo, Wo, Gg, Wo, Wo, Wo, Wo, Wo, Wo, Wo, Wo, Wo, Wo, Wo, Wo, Wo, Wo, Wo, Wo, Wo, Wo, Ds, Gg, Isr, Isr, Isr, Isr
Gg, Gs^Fds, Gg, Gg, Ss, Sm, Gg, Gg, Gg, Gs^Fds, Ds, Ds, Ww, Ds, Ww, Wo, Wo, Wo, Wo, Wo, Wo, Wo, Wo, Wo, Wo, Wo, Wo, Wo, Wo, Wo, Wo, Gg, Wo, Wo, Wo, Wo, Wo, Wo, Ds, Gg, Gg, Rrc, Rrc, Isr, Isr, Isr
Gg, Gs^Fds, Gg, Gg, Ss, Ss, Ss, Sm, Sm, Gg, Ds, Ww, Ww, Ww, Wo, Wo, Wo, Wo, Wo, Wo, Wo, Wo, Wo, Wo, Wo, Wo, Wo, Wo, Wo, Wo, Wo, Wo, Wo, Wo, Wo, Wo, Wo, Wo, Ch, Ds, Isr, Rrc, Rrc, Rrc, Rrc, Isr
Gg, Gs^Fds, Gg, Gg, Gg, Ss, Ds, Sm, Ds, Ds, Wwt, Wwt, Wwt, Wo, Wo, Wo, Wo, Wo, Wo, Wo, Wo, Wo, Wo, Wo, Wo, Wo, Wo, Wo, Wo, Wo, Wo, Wo, Wo, Wo, Wo, Wo, Wo, Ds, Ch, Gg, Isr, Isr, Isr, Rrc, Rrc, Rrc
Gg, Gs^Fds, Gg, Gg, Sm, Sm, Ds, Ww, Ww, Ww, Wwt, Wwt, Wwt, Wo, Wo, Wo, Wo, Wo, Wo, Wo, Wo, Wo, Wo, Wo, Wo, Wo, Wo, Wo, Wo, Wo, Wo, Wo, Wo, Wo, Wo, Wo, Wo, Ds, Ch, Gg, Isr, Isr, Isr, Isr, Isr, Isr
Gg, Gs^Fds, Gg, Sm, Gg, Gg, Gg, Ds, Ww, Wwt, Ww, Wwt, Ww, Wwt, Wo, Wo, Wo, Wo, Wo, Wo, Wo, Wo, Wo, Wo, Wo, Wo, Wo, Wo, Wo, Wo, Wo, Wo, Wo, Wo, Wo, Wo, Wo, Ds, Wo, Ch, Wo, Isr, Wo, Isr, Gg, Isr
